Component: ARM Compiler 5.06 update 7 (build 960) Tool: armlink [4d3601]

==============================================================================

Section Cross References

    startup_stm32g431xx.o(RESET) refers to startup_stm32g431xx.o(STACK) for __initial_sp
    startup_stm32g431xx.o(RESET) refers to startup_stm32g431xx.o(.text) for Reset_Handler
    startup_stm32g431xx.o(RESET) refers to stm32g4xx_it.o(i.NMI_Handler) for NMI_Handler
    startup_stm32g431xx.o(RESET) refers to stm32g4xx_it.o(i.HardFault_Handler) for HardFault_Handler
    startup_stm32g431xx.o(RESET) refers to stm32g4xx_it.o(i.MemManage_Handler) for MemManage_Handler
    startup_stm32g431xx.o(RESET) refers to stm32g4xx_it.o(i.BusFault_Handler) for BusFault_Handler
    startup_stm32g431xx.o(RESET) refers to stm32g4xx_it.o(i.UsageFault_Handler) for UsageFault_Handler
    startup_stm32g431xx.o(RESET) refers to stm32g4xx_it.o(i.SVC_Handler) for SVC_Handler
    startup_stm32g431xx.o(RESET) refers to stm32g4xx_it.o(i.DebugMon_Handler) for DebugMon_Handler
    startup_stm32g431xx.o(RESET) refers to port_s.o(.text) for PendSV_Handler
    startup_stm32g431xx.o(RESET) refers to stm32g4xx_it.o(i.SysTick_Handler) for SysTick_Handler
    startup_stm32g431xx.o(RESET) refers to stm32g4xx_it.o(i.ADC1_2_IRQHandler) for ADC1_2_IRQHandler
    startup_stm32g431xx.o(RESET) refers to stm32g4xx_it.o(i.I2C1_EV_IRQHandler) for I2C1_EV_IRQHandler
    startup_stm32g431xx.o(RESET) refers to stm32g4xx_it.o(i.I2C1_ER_IRQHandler) for I2C1_ER_IRQHandler
    startup_stm32g431xx.o(RESET) refers to stm32g4xx_it.o(i.I2C2_EV_IRQHandler) for I2C2_EV_IRQHandler
    startup_stm32g431xx.o(RESET) refers to stm32g4xx_it.o(i.I2C2_ER_IRQHandler) for I2C2_ER_IRQHandler
    startup_stm32g431xx.o(RESET) refers to stm32g4xx_it.o(i.SPI2_IRQHandler) for SPI2_IRQHandler
    startup_stm32g431xx.o(RESET) refers to stm32g4xx_it.o(i.USART1_IRQHandler) for USART1_IRQHandler
    startup_stm32g431xx.o(RESET) refers to stm32g4xx_it.o(i.USART3_IRQHandler) for USART3_IRQHandler
    startup_stm32g431xx.o(RESET) refers to stm32g4xx_it.o(i.RTC_Alarm_IRQHandler) for RTC_Alarm_IRQHandler
    startup_stm32g431xx.o(RESET) refers to stm32g4xx_it.o(i.SPI3_IRQHandler) for SPI3_IRQHandler
    startup_stm32g431xx.o(.text) refers to system_stm32g4xx.o(i.SystemInit) for SystemInit
    startup_stm32g431xx.o(.text) refers to entry.o(.ARM.Collect$$$$00000000) for __main
    main.o(i.SystemClock_Config) refers to memseta.o(.text) for __aeabi_memclr4
    main.o(i.SystemClock_Config) refers to stm32g4xx_hal_pwr_ex.o(i.HAL_PWREx_ControlVoltageScaling) for HAL_PWREx_ControlVoltageScaling
    main.o(i.SystemClock_Config) refers to stm32g4xx_hal_rcc.o(i.HAL_RCC_OscConfig) for HAL_RCC_OscConfig
    main.o(i.SystemClock_Config) refers to stm32g4xx_hal_rcc.o(i.HAL_RCC_ClockConfig) for HAL_RCC_ClockConfig
    main.o(i.SystemClock_Config) refers to stm32g4xx_hal_rcc_ex.o(i.HAL_RCCEx_PeriphCLKConfig) for HAL_RCCEx_PeriphCLKConfig
    main.o(i.fputc) refers to tos_mutex.o(i.tos_mutex_pend) for tos_mutex_pend
    main.o(i.fputc) refers to stm32g4xx_hal_uart.o(i.HAL_UART_Transmit) for HAL_UART_Transmit
    main.o(i.fputc) refers to tos_mutex.o(i.tos_mutex_post) for tos_mutex_post
    main.o(i.fputc) refers to main.o(.bss) for .bss
    main.o(i.fputc) refers to usart.o(.bss) for huart3
    main.o(i.main) refers to stm32g4xx_hal.o(i.HAL_Init) for HAL_Init
    main.o(i.main) refers to main.o(i.SystemClock_Config) for SystemClock_Config
    main.o(i.main) refers to gpio.o(i.MX_GPIO_Init) for MX_GPIO_Init
    main.o(i.main) refers to spi.o(i.MX_SPI2_Init) for MX_SPI2_Init
    main.o(i.main) refers to spi.o(i.MX_SPI3_Init) for MX_SPI3_Init
    main.o(i.main) refers to usart.o(i.MX_USART1_UART_Init) for MX_USART1_UART_Init
    main.o(i.main) refers to usart.o(i.MX_USART3_UART_Init) for MX_USART3_UART_Init
    main.o(i.main) refers to rtc.o(i.MX_RTC_Init) for MX_RTC_Init
    main.o(i.main) refers to i2c.o(i.MX_I2C2_Init) for MX_I2C2_Init
    main.o(i.main) refers to adc.o(i.MX_ADC1_Init) for MX_ADC1_Init
    main.o(i.main) refers to i2c.o(i.MX_I2C1_Init) for MX_I2C1_Init
    main.o(i.main) refers to tos_sys.o(i.tos_knl_init) for tos_knl_init
    main.o(i.main) refers to tos_mutex.o(i.tos_mutex_create) for tos_mutex_create
    main.o(i.main) refers to printfa.o(i.__0printf) for __2printf
    main.o(i.main) refers to tos_task.o(i.tos_task_create) for tos_task_create
    main.o(i.main) refers to tos_sys.o(i.tos_knl_start) for tos_knl_start
    main.o(i.main) refers to stm32g4xx_hal.o(i.HAL_Delay) for HAL_Delay
    main.o(i.main) refers to main.o(.bss) for .bss
    main.o(i.main) refers to task.o(.bss) for stack_task_main
    main.o(i.main) refers to task.o(i.task_main_entry) for task_main_entry
    main.o(i.main) refers to task.o(.bss) for task_main
    gpio.o(i.MX_GPIO_Init) refers to memseta.o(.text) for __aeabi_memclr4
    gpio.o(i.MX_GPIO_Init) refers to stm32g4xx_hal_gpio.o(i.HAL_GPIO_WritePin) for HAL_GPIO_WritePin
[...]
    __1vsnprintf                             0x08005db9   Thumb Code     0  printfa.o(i.__0vsnprintf)
    __2vsnprintf                             0x08005db9   Thumb Code     0  printfa.o(i.__0vsnprintf)
    __c89vsnprintf                           0x08005db9   Thumb Code     0  printfa.o(i.__0vsnprintf)
    vsnprintf                                0x08005db9   Thumb Code     0  printfa.o(i.__0vsnprintf)
    __scatterload_copy                       0x08005e4b   Thumb Code    14  handlers.o(i.__scatterload_copy)
    __scatterload_null                       0x08005e59   Thumb Code     2  handlers.o(i.__scatterload_null)
    __scatterload_zeroinit                   0x08005e5b   Thumb Code    14  handlers.o(i.__scatterload_zeroinit)
    ble_resolve_para                         0x08006ad9   Thumb Code   302  ble.o(i.ble_resolve_para)
    cpu_context_switch                       0x08006e51   Thumb Code     4  tos_cpu.o(i.cpu_context_switch)
    cpu_init                                 0x08006e55   Thumb Code    30  tos_cpu.o(i.cpu_init)
    cpu_irq_context_switch                   0x08006e81   Thumb Code     4  tos_cpu.o(i.cpu_irq_context_switch)
    cpu_sched_start                          0x08006e85   Thumb Code     4  tos_cpu.o(i.cpu_sched_start)
    cpu_systick_init                         0x08006e89   Thumb Code    20  tos_cpu.o(i.cpu_systick_init)
    cpu_task_stk_init                        0x08006e9d   Thumb Code   110  tos_cpu.o(i.cpu_task_stk_init)
    esp32_echo_close                         0x08006fc1   Thumb Code    48  esp32.o(i.esp32_echo_close)
    esp32_join_ap                            0x0800706d   Thumb Code    70  wifi.o(i.esp32_join_ap)
    esp32_join_wifi                          0x080070d1   Thumb Code    34  wifi.o(i.esp32_join_wifi)
    esp32_multilink_set                      0x080071b1   Thumb Code    76  esp32.o(i.esp32_multilink_set)
    esp32_net_mode_set                       0x0800721d   Thumb Code    88  esp32.o(i.esp32_net_mode_set)
    esp32_restore                            0x08007409   Thumb Code    62  esp32.o(i.esp32_restore)
    esp32_sal_init                           0x08007459   Thumb Code    38  esp32.o(i.esp32_sal_init)
    esp32_send_mode_set                      0x08007525   Thumb Code    72  esp32.o(i.esp32_send_mode_set)
    esp32ble_init_at                         0x0800757d   Thumb Code    68  ble.o(i.esp32ble_init_at)
    esp32wifi_init_at                        0x0800760d   Thumb Code    84  wifi.o(i.esp32wifi_init_at)
    fputc                                    0x080077a9   Thumb Code    54  main.o(i.fputc)
    fs_init                                  0x080077ed   Thumb Code    74  fs.o(i.fs_init)
    get_unix_time                            0x0800783d   Thumb Code   114  ntp.o(i.get_unix_time)
    knl_idle_init                            0x08007909   Thumb Code    32  tos_sys.o(i.knl_idle_init)
    knl_is_idle                              0x08007941   Thumb Code    14  tos_sys.o(i.knl_is_idle)
    knl_is_inirq                             0x08007955   Thumb Code    12  tos_sys.o(i.knl_is_inirq)
    knl_is_sched_locked                      0x08007965   Thumb Code    12  tos_sys.o(i.knl_is_sched_locked)
    knl_is_self                              0x08007975   Thumb Code    16  tos_sys.o(i.knl_is_self)
    knl_sched                                0x08007989   Thumb Code    64  tos_sys.o(i.knl_sched)
    led_task_entry                           0x080079dd   Thumb Code    24  ledtask.o(i.led_task_entry)
    main                                     0x080079f9   Thumb Code   114  main.o(i.main)
    mmheap_init_with_pool                    0x08007b51   Thumb Code    22  tos_mmheap.o(i.mmheap_init_with_pool)
    mqtt_alarms_pub                          0x08007b91   Thumb Code   162  mqttpub.o(i.mqtt_alarms_pub)
    mqtt_conn_fun                            0x08007c71   Thumb Code   166  mqttsub.o(i.mqtt_conn_fun)
    mqtt_rev_json                            0x08007d8d   Thumb Code   546  mqttsub.o(i.mqtt_rev_json)
    mqtt_sensor_pub                          0x0800807d   Thumb Code  1420  mqttpub.o(i.mqtt_sensor_pub)
    mqtt_sub_fun                             0x08008685   Thumb Code    90  mqttsub.o(i.mqtt_sub_fun)
    mqttpub_init                             0x08008741   Thumb Code    62  mqttpub.o(i.mqttpub_init)
    mqttpub_task_entry                       0x08008789   Thumb Code   154  mqttpubtask.o(i.mqttpub_task_entry)
    mqttsub_init                             0x08008875   Thumb Code    52  mqttsub.o(i.mqttsub_init)
    mqttsub_task_entry                       0x080088b1   Thumb Code   118  mqttsubtask.o(i.mqttsub_task_entry)
    mutex_release                            0x080089d3   Thumb Code    20  tos_mutex.o(i.mutex_release)
    nsample_task_entry                       0x080089e9   Thumb Code   108  nsampletask.o(i.nsample_task_entry)
    pend_highest_pending_prio_get            0x08008ab1   Thumb Code    20  tos_pend.o(i.pend_highest_pending_prio_get)
    pend_highest_pending_task_get            0x08008ac5   Thumb Code     6  tos_pend.o(i.pend_highest_pending_task_get)
    pend_is_nopending                        0x08008acb   Thumb Code    14  tos_pend.o(i.pend_is_nopending)
    pend_list_adjust                         0x08008b17   Thumb Code    14  tos_pend.o(i.pend_list_adjust)
    pend_list_remove                         0x08008b25   Thumb Code    24  tos_pend.o(i.pend_list_remove)
    pend_object_deinit                       0x08008b3d   Thumb Code     6  tos_pend.o(i.pend_object_deinit)
    pend_object_init                         0x08008b43   Thumb Code     6  tos_pend.o(i.pend_object_init)
    pend_state2errno                         0x08008b49   Thumb Code    44  tos_pend.o(i.pend_state2errno)
    pend_task_block                          0x08008b75   Thumb Code    56  tos_pend.o(i.pend_task_block)
    pend_task_wakeup                         0x08008bad   Thumb Code    56  tos_pend.o(i.pend_task_wakeup)
    pend_wakeup                              0x08008be5   Thumb Code    10  tos_pend.o(i.pend_wakeup)
    pend_wakeup_all                          0x08008bef   Thumb Code    36  tos_pend.o(i.pend_wakeup_all)
    pend_wakeup_one                          0x08008c13   Thumb Code     8  tos_pend.o(i.pend_wakeup_one)
    port_systick_config                      0x08008c1b   Thumb Code    34  port_c.o(i.port_systick_config)
    port_systick_priority_set                0x08008c3d   Thumb Code    10  port_c.o(i.port_systick_priority_set)
    readyqueue_add                           0x08008c49   Thumb Code    24  tos_sched.o(i.readyqueue_add)
    readyqueue_add_head                      0x08008c65   Thumb Code    38  tos_sched.o(i.readyqueue_add_head)
    readyqueue_add_tail                      0x08008c91   Thumb Code    38  tos_sched.o(i.readyqueue_add_tail)
    readyqueue_first_task_get                0x08008cbd   Thumb Code    20  tos_sched.o(i.readyqueue_first_task_get)
    readyqueue_highest_ready_task_get        0x08008cd5   Thumb Code    14  tos_sched.o(i.readyqueue_highest_ready_task_get)
    readyqueue_init                          0x08008ce9   Thumb Code    48  tos_sched.o(i.readyqueue_init)
    readyqueue_is_prio_onlyone               0x08008d1d   Thumb Code    22  tos_sched.o(i.readyqueue_is_prio_onlyone)
    readyqueue_move_head_to_tail             0x08008d39   Thumb Code    32  tos_sched.o(i.readyqueue_move_head_to_tail)
    readyqueue_remove                        0x08008d8d   Thumb Code    92  tos_sched.o(i.readyqueue_remove)
    robin_sched                              0x08008e35   Thumb Code   102  tos_robin.o(i.robin_sched)
    set_sample_time                          0x080090f9   Thumb Code   302  ntp.o(i.set_sample_time)
    task_main_entry                          0x08009405   Thumb Code   394  task.o(i.task_main_entry)
    tick_list_add                            0x0800974d   Thumb Code    20  tos_tick.o(i.tick_list_add)
    tick_list_remove                         0x08009761   Thumb Code   112  tos_tick.o(i.tick_list_remove)
    tick_update                              0x08009871   Thumb Code   114  tos_tick.o(i.tick_update)
    timer_init                               0x080098ed   Thumb Code     4  tos_timer.o(i.timer_init)
    timer_update                             0x080099a5   Thumb Code   118  tos_timer.o(i.timer_update)
    tos_at_channel_alloc                     0x08009a25   Thumb Code    58  tos_at.o(i.tos_at_channel_alloc)
    tos_at_channel_free                      0x08009a65   Thumb Code    58  tos_at.o(i.tos_at_channel_free)
    tos_at_channel_is_working                0x08009a9f   Thumb Code    26  tos_at.o(i.tos_at_channel_is_working)
    tos_at_channel_read_timed                0x08009ab9   Thumb Code   132  tos_at.o(i.tos_at_channel_read_timed)
    tos_at_channel_set_broken                0x08009b41   Thumb Code    26  tos_at.o(i.tos_at_channel_set_broken)
    tos_at_cmd_exec                          0x08009b5d   Thumb Code    56  tos_at.o(i.tos_at_cmd_exec)
    tos_at_cmd_exec_until                    0x08009b99   Thumb Code   112  tos_at.o(i.tos_at_cmd_exec_until)
    tos_at_echo_create                       0x08009c0d   Thumb Code    52  tos_at.o(i.tos_at_echo_create)
    tos_at_global_lock_pend                  0x08009c41   Thumb Code    18  tos_at.o(i.tos_at_global_lock_pend)
    tos_at_global_lock_post                  0x08009c59   Thumb Code    18  tos_at.o(i.tos_at_global_lock_post)
    tos_at_init                              0x08009c71   Thumb Code   342  tos_at.o(i.tos_at_init)
    tos_at_raw_data_send_until               0x08009de1   Thumb Code   104  tos_at.o(i.tos_at_raw_data_send_until)
    tos_at_uart_input_byte                   0x08009e4d   Thumb Code    28  tos_at.o(i.tos_at_uart_input_byte)
    tos_at_uart_read                         0x08009e6d   Thumb Code    42  tos_at.o(i.tos_at_uart_read)
    tos_chr_fifo_create                      0x08009e97   Thumb Code    34  tos_char_fifo.o(i.tos_chr_fifo_create)
    tos_chr_fifo_destroy                     0x08009eb9   Thumb Code    38  tos_char_fifo.o(i.tos_chr_fifo_destroy)
    tos_chr_fifo_pop                         0x08009edf   Thumb Code    16  tos_char_fifo.o(i.tos_chr_fifo_pop)
    tos_chr_fifo_pop_stream                  0x08009eef   Thumb Code    66  tos_char_fifo.o(i.tos_chr_fifo_pop_stream)
    tos_chr_fifo_push                        0x08009f31   Thumb Code    22  tos_char_fifo.o(i.tos_chr_fifo_push)
    tos_cpu_clz                              0x08009f47   Thumb Code     4  tos_cpu.o(i.tos_cpu_clz)
    tos_cpu_cpsr_restore                     0x08009f4b   Thumb Code     4  tos_cpu.o(i.tos_cpu_cpsr_restore)
    tos_cpu_cpsr_save                        0x08009f4f   Thumb Code     4  tos_cpu.o(i.tos_cpu_cpsr_save)
    tos_event_create                         0x08009f53   Thumb Code    20  tos_event.o(i.tos_event_create)
    tos_event_pend                           0x08009f69   Thumb Code   208  tos_event.o(i.tos_event_pend)
    tos_event_post                           0x0800a03d   Thumb Code     6  tos_event.o(i.tos_event_post)
    tos_hal_uart_deinit                      0x0800a043   Thumb Code    36  tos_hal_uart.o(i.tos_hal_uart_deinit)
    tos_hal_uart_init                        0x0800a069   Thumb Code    42  tos_hal_uart.o(i.tos_hal_uart_init)
    tos_hal_uart_write                       0x0800a09d   Thumb Code    28  tos_hal_uart.o(i.tos_hal_uart_write)
    tos_knl_init                             0x0800a0b9   Thumb Code    42  tos_sys.o(i.tos_knl_init)
    tos_knl_irq_enter                        0x0800a0e9   Thumb Code    22  tos_sys.o(i.tos_knl_irq_enter)
    tos_knl_irq_leave                        0x0800a109   Thumb Code    70  tos_sys.o(i.tos_knl_irq_leave)
    tos_knl_is_running                       0x0800a165   Thumb Code    12  tos_sys.o(i.tos_knl_is_running)
    tos_knl_sched_lock                       0x0800a175   Thumb Code    60  tos_sys.o(i.tos_knl_sched_lock)
    tos_knl_sched_unlock                     0x0800a1bd   Thumb Code    62  tos_sys.o(i.tos_knl_sched_unlock)
    tos_knl_start                            0x0800a209   Thumb Code    40  tos_sys.o(i.tos_knl_start)
    tos_millisec2tick                        0x0800a24b   Thumb Code    18  tos_time.o(i.tos_millisec2tick)
    tos_mmheap_alloc                         0x0800a25d   Thumb Code    30  tos_mmheap.o(i.tos_mmheap_alloc)
    tos_mmheap_free                          0x0800a27b   Thumb Code    56  tos_mmheap.o(i.tos_mmheap_free)
    tos_mmheap_pool_add                      0x0800a2b5   Thumb Code   124  tos_mmheap.o(i.tos_mmheap_pool_add)
    tos_mutex_create                         0x0800a339   Thumb Code    50  tos_mutex.o(i.tos_mutex_create)
    tos_mutex_destroy                        0x0800a36b   Thumb Code    68  tos_mutex.o(i.tos_mutex_destroy)
    tos_mutex_pend                           0x0800a3af   Thumb Code    10  tos_mutex.o(i.tos_mutex_pend)
    tos_mutex_pend_timed                     0x0800a3b9   Thumb Code   210  tos_mutex.o(i.tos_mutex_pend_timed)
    tos_mutex_post                           0x0800a491   Thumb Code   162  tos_mutex.o(i.tos_mutex_post)
    tos_ring_q_create                        0x0800a533   Thumb Code    34  tos_ring_queue.o(i.tos_ring_q_create)
    tos_ring_q_dequeue                       0x0800a555   Thumb Code   102  tos_ring_queue.o(i.tos_ring_q_dequeue)
    tos_ring_q_destroy                       0x0800a5bb   Thumb Code    40  tos_ring_queue.o(i.tos_ring_q_destroy)
    tos_ring_q_enqueue                       0x0800a5e3   Thumb Code   102  tos_ring_queue.o(i.tos_ring_q_enqueue)
    tos_ring_q_is_empty                      0x0800a649   Thumb Code    32  tos_ring_queue.o(i.tos_ring_q_is_empty)
    tos_ring_q_is_full                       0x0800a669   Thumb Code    36  tos_ring_queue.o(i.tos_ring_q_is_full)
    tos_sal_module_init                      0x0800a68d   Thumb Code    18  sal_module_wrapper.o(i.tos_sal_module_init)
    tos_sal_module_register                  0x0800a6a5   Thumb Code    18  sal_module_wrapper.o(i.tos_sal_module_register)
    tos_sem_create                           0x0800a6bd   Thumb Code     8  tos_sem.o(i.tos_sem_create)
    tos_sem_create_max                       0x0800a6c5   Thumb Code    22  tos_sem.o(i.tos_sem_create_max)
    tos_sem_destroy                          0x0800a6db   Thumb Code    46  tos_sem.o(i.tos_sem_destroy)
    tos_sem_pend                             0x0800a709   Thumb Code   132  tos_sem.o(i.tos_sem_pend)
    tos_sem_post                             0x0800a791   Thumb Code     6  tos_sem.o(i.tos_sem_post)
    tos_stopwatch_countdown                  0x0800a797   Thumb Code    32  tos_stopwatch.o(i.tos_stopwatch_countdown)
    tos_stopwatch_create                     0x0800a7b7   Thumb Code    18  tos_stopwatch.o(i.tos_stopwatch_create)
    tos_stopwatch_delay                      0x0800a7c9   Thumb Code    36  tos_stopwatch.o(i.tos_stopwatch_delay)
    tos_stopwatch_is_expired                 0x0800a7ed   Thumb Code    28  tos_stopwatch.o(i.tos_stopwatch_is_expired)
    tos_stopwatch_remain                     0x0800a809   Thumb Code    42  tos_stopwatch.o(i.tos_stopwatch_remain)
    tos_systick_get                          0x0800a835   Thumb Code    24  tos_time.o(i.tos_systick_get)
    tos_task_create                          0x0800a851   Thumb Code   204  tos_task.o(i.tos_task_create)
    tos_task_delay                           0x0800a929   Thumb Code    92  tos_task.o(i.tos_task_delay)
    tos_task_destroy                         0x0800a989   Thumb Code    54  tos_task.o(i.tos_task_destroy)
    tos_task_prio_change                     0x0800a9c5   Thumb Code   182  tos_task.o(i.tos_task_prio_change)
    tos_task_yield                           0x0800aa7d   Thumb Code    46  tos_task.o(i.tos_task_yield)
    tos_tick_handler                         0x0800aab1   Thumb Code    40  tos_tick.o(i.tos_tick_handler)
    tsample_task_entry                       0x0800aadd   Thumb Code   132  tsampletask.o(i.tsample_task_entry)
    vsample_task_entry                       0x0800aba9   Thumb Code   260  vsampletask.o(i.vsample_task_entry)
    UARTPrescTable                           0x0800ad10   Data          24  stm32g4xx_hal_uart.o(.constdata)
    AHBPrescTable                            0x0800ad28   Data          16  system_stm32g4xx.o(.constdata)
    APBPrescTable                            0x0800ad38   Data           8  system_stm32g4xx.o(.constdata)
    k_idle_task_stk_addr                     0x0800ad40   Data           4  tos_global.o(.constdata)
    k_idle_task_stk_size                     0x0800ad44   Data           4  tos_global.o(.constdata)
    ev_rtc_tsample                           0x0800ad48   Data           4  bsp.o(.constdata)
    ev_wake_tsample                          0x0800ad4c   Data           4  bsp.o(.constdata)
    ev_rtc_nsample                           0x0800ad50   Data           4  bsp.o(.constdata)
    ev_wake_nsample                          0x0800ad54   Data           4  bsp.o(.constdata)
    ev_rtc_vsample                           0x0800ad58   Data           4  bsp.o(.constdata)
    ev_wake_vsample                          0x0800ad5c   Data           4  bsp.o(.constdata)
    ev_normal_pub                            0x0800ad60   Data           4  bsp.o(.constdata)
    ev_exce_pub                              0x0800ad64   Data           4  bsp.o(.constdata)
    ev_para_pub                              0x0800ad68   Data           4  bsp.o(.constdata)
    LIS2DS12_ACC_Sensitivity_List            0x0800ad70   Data          96  lis2ds12_acc_driver.o(.constdata)
    __ctype_categories                       0x0800ade8   Data          64  ctype_c.o(.constdata)
    Region$$Table$$Base                      0x0800b0c8   Number         0  anon$$obj.o(Region$$Table)
    Region$$Table$$Limit                     0x0800b0e8   Number         0  anon$$obj.o(Region$$Table)
    uwTickPrio                               0x20000000   Data           4  stm32g4xx_hal.o(.data)
    uwTickFreq                               0x20000004   Data           4  stm32g4xx_hal.o(.data)
    uwTick                                   0x20000008   Data           4  stm32g4xx_hal.o(.data)
    SystemCoreClock                          0x2000000c   Data           4  system_stm32g4xx.o(.data)
    k_irq_nest_cnt                           0x20000010   Data           1  tos_global.o(.data)
    k_sched_lock_nest_cnt                    0x20000011   Data           1  tos_global.o(.data)
    k_knl_state                              0x20000012   Data           1  tos_global.o(.data)
    k_tick_count                             0x20000018   Data           8  tos_global.o(.data)
    k_curr_task                              0x20000020   Data           4  tos_global.o(.data)
    k_next_task                              0x20000024   Data           4  tos_global.o(.data)
    k_cpu_tick_per_second                    0x20000028   Data           8  tos_global.o(.data)
    k_cpu_cycle_per_tick                     0x20000030   Data           4  tos_global.o(.data)
    k_stat_list                              0x20000034   Data           8  tos_global.o(.data)
    k_tick_list                              0x2000003c   Data           8  tos_global.o(.data)
    k_robin_default_timeslice                0x20000044   Data           4  tos_global.o(.data)
    k_timer_ctl                              0x20000048   Data          16  tos_global.o(.data)
    esp32_at_event                           0x20000058   Data          16  esp32.o(.data)
    sal_module_esp32                         0x20000068   Data          48  esp32.o(.data)
    stts_err_status                          0x20000098   Data           1  stts75_driver.o(.data)
    cfn_stat                                 0x20000099   Data           1  lis2ds12_acc_driver.o(.data)
    g_u8StartOver                            0x2000009a   Data           1  task.o(.data)
    g_u8MqttOver                             0x2000009b   Data           1  task.o(.data)
    uart3itcount                             0x2000009c   Data           1  itcallback.o(.data)
    uart1recv_data                           0x2000009d   Data           1  itcallback.o(.data)
    uart3recv_data                           0x2000009e   Data           1  itcallback.o(.data)
    g_mqttRevData                            0x200000a0   Data           8  mqttsub.o(.data)
    __stdout                                 0x200000b0   Data           4  stdout.o(.data)
    uart3_send_locker                        0x200000b4   Data          28  main.o(.bss)
    hadc1                                    0x200000d0   Data         108  adc.o(.bss)
    hi2c1                                    0x2000013c   Data          76  i2c.o(.bss)
    hi2c2                                    0x20000188   Data          76  i2c.o(.bss)
    hrtc                                     0x200001d4   Data          40  rtc.o(.bss)
    hspi2                                    0x200001fc   Data         100  spi.o(.bss)
    hspi3                                    0x20000260   Data         100  spi.o(.bss)
    huart1                                   0x200002c4   Data         140  usart.o(.bss)
    huart3                                   0x20000350   Data         140  usart.o(.bss)
    k_rdyq                                   0x200003dc   Data          88  tos_global.o(.bss)
    k_idle_task                              0x20000438   Data         120  tos_global.o(.bss)
    k_idle_task_stk                          0x200004b0   Data          80  tos_global.o(.bss)
    k_mmheap_default_pool                    0x20000500   Data       16384  tos_global.o(.bss)
    k_mmheap_ctl                             0x20004500   Data        3204  tos_global.o(.bss)
    sem_mqttrev_fin                          0x20005184   Data          12  bsp.o(.bss)
    sem_mqttrev_en                           0x20005190   Data          12  bsp.o(.bss)
    ev_tsample                               0x2000519c   Data          12  bsp.o(.bss)
    ev_nsample                               0x200051a8   Data          12  bsp.o(.bss)
    ev_vsample                               0x200051b4   Data          12  bsp.o(.bss)
    ev_mqttpub                               0x200051c0   Data          12  bsp.o(.bss)
    ev_samplefin                             0x200051cc   Data          12  bsp.o(.bss)
    sem_sample_mqttfin                       0x200051d8   Data          12  bsp.o(.bss)
    sem_tsample_mqtt                         0x200051e4   Data          12  bsp.o(.bss)
    sem_nsample_mqtt                         0x200051f0   Data          12  bsp.o(.bss)
    sem_vsample_mqtt                         0x200051fc   Data          12  bsp.o(.bss)
    g_unixTime                               0x20005208   Data          16  bsp.o(.bss)
    task_main                                0x20005218   Data         120  task.o(.bss)
    stack_task_main                          0x20005290   Data        1024  task.o(.bss)
    uart3_rec_sem                            0x20005690   Data          12  task.o(.bss)
    led_task                                 0x200056a0   Data         120  ledtask.o(.bss)
    stack_led_task                           0x20005718   Data         128  ledtask.o(.bss)
    tsample_task                             0x20005798   Data         120  tsampletask.o(.bss)
    stack_tsample_task                       0x20005810   Data         512  tsampletask.o(.bss)
    mqttsub_task                             0x20005a10   Data         120  mqttsubtask.o(.bss)
    stack_mqttsub_task                       0x20005a88   Data        1024  mqttsubtask.o(.bss)
    nsample_task                             0x20005e88   Data         120  nsampletask.o(.bss)
    stack_nsample_task                       0x20005f00   Data         512  nsampletask.o(.bss)
    vsample_task                             0x20006100   Data         120  vsampletask.o(.bss)
    stack_vsample_task                       0x20006178   Data         512  vsampletask.o(.bss)
    mqttpub_task                             0x20006378   Data         120  mqttpubtask.o(.bss)
    stack_mqttpub_task                       0x200063f0   Data        2048  mqttpubtask.o(.bss)
    uart3cach_data                           0x20007700   Data         512  itcallback.o(.bss)
    g_fsData                                 0x20007900   Data         352  fs.o(.bss)
    g_samplePara                             0x20007a60   Data          56  mqttsub.o(.bss)
    g_collControl                            0x20007a98   Data          44  mqttsub.o(.bss)
    g_sensorTd                               0x20007ac4   Data          60  mqttpub.o(.bss)
    g_alarms                                 0x20007b00   Data          48  mqttpub.o(.bss)
    __initial_sp                             0x20007f60   Data           0  startup_stm32g431xx.o(STACK)



==============================================================================

Memory Map of the image

  Image Entry point : 0x080001d9

  Load Region LR_IROM1 (Base: 0x08000000, Size: 0x0000b19c, Max: 0x00020000, ABSOLUTE)

    Execution Region ER_IROM1 (Exec base: 0x08000000, Load base: 0x08000000, Size: 0x0000b0e8, Max: 0x00020000, ABSOLUTE)

    Exec Addr    Load Addr    Size         Type   Attr      Idx    E Section Name        Object

    0x08000000   0x08000000   0x000001d8   Data   RO            3    RESET               startup_stm32g431xx.o
    0x080001d8   0x080001d8   0x00000000   Code   RO         9730  * .ARM.Collect$$$$00000000  mc_w.l(entry.o)
    0x080001d8   0x080001d8   0x00000004   Code   RO        10045    .ARM.Collect$$$$00000001  mc_w.l(entry2.o)
    0x080001dc   0x080001dc   0x00000004   Code   RO        10048    .ARM.Collect$$$$00000004  mc_w.l(entry5.o)
    0x080001e0   0x080001e0   0x00000000   Code   RO        10050    .ARM.Collect$$$$00000008  mc_w.l(entry7b.o)
    0x080001e0   0x080001e0   0x00000000   Code   RO        10052    .ARM.Collect$$$$0000000A  mc_w.l(entry8b.o)
    0x080001e0   0x080001e0   0x00000008   Code   RO        10053    .ARM.Collect$$$$0000000B  mc_w.l(entry9a.o)
    0x080001e8   0x080001e8   0x00000004   Code   RO        10060    .ARM.Collect$$$$0000000E  mc_w.l(entry12b.o)
    0x080001ec   0x080001ec   0x00000000   Code   RO        10055    .ARM.Collect$$$$0000000F  mc_w.l(entry10a.o)
    0x080001ec   0x080001ec   0x00000000   Code   RO        10057    .ARM.Collect$$$$00000011  mc_w.l(entry11a.o)
    0x080001ec   0x080001ec   0x00000004   Code   RO        10046    .ARM.Collect$$$$00002712  mc_w.l(entry2.o)
    0x080001f0   0x080001f0   0x00000024   Code   RO            4    .text               startup_stm32g431xx.o
    0x08000214   0x08000214   0x000000e0   Code   RO         4688    .text               port_s.o
    0x080002f4   0x080002f4   0x00000062   Code   RO         9733    .text               mc_w.l(uldiv.o)
    0x08000356   0x08000356   0x00000062   Code   RO         9735    .text               mc_w.l(ldiv.o)
    0x080003b8   0x080003b8   0x000000a8   Code   RO         9741    .text               mc_w.l(mktime.o)
    0x08000460   0x08000460   0x00000024   Code   RO         9744    .text               mc_w.l(memcpya.o)
    0x08000484   0x08000484   0x00000024   Code   RO         9746    .text               mc_w.l(memseta.o)
    0x080004a8   0x080004a8   0x00000024   Code   RO         9748    .text               mc_w.l(strstr.o)
    0x080004cc   0x080004cc   0x00000018   Code   RO         9750    .text               mc_w.l(strncpy.o)
    0x080004e4   0x080004e4   0x0000000e   Code   RO         9752    .text               mc_w.l(strlen.o)
    0x080004f2   0x080004f2   0x0000001c   Code   RO         9754    .text               mc_w.l(strcmp.o)
    0x0800050e   0x0800050e   0x0000001e   Code   RO         9756    .text               mc_w.l(strncmp.o)
    0x0800052c   0x0800052c   0x00000044   Code   RO         9758    .text               mc_w.l(strtok.o)
    0x08000570   0x08000570   0x00000038   Code   RO        10027    .text               mc_w.l(__0sscanf.o)
    0x080005a8   0x080005a8   0x0000014c   Code   RO        10029    .text               mc_w.l(_scanf_int.o)
    0x080006f4   0x080006f4   0x000000e0   Code   RO        10031    .text               mc_w.l(_scanf_str.o)
    0x080007d4   0x080007d4   0x000000e4   Code   RO        10033    .text               mf_w.l(dmul.o)
    0x080008b8   0x080008b8   0x000000de   Code   RO        10035    .text               mf_w.l(ddiv.o)
    0x08000996   0x08000996   0x00000022   Code   RO        10037    .text               mf_w.l(dflti.o)
    0x080009b8   0x080009b8   0x0000001a   Code   RO        10039    .text               mf_w.l(dfltui.o)
    0x080009d2   0x080009d2   0x00000026   Code   RO        10041    .text               mf_w.l(f2d.o)
    0x080009f8   0x080009f8   0x00000038   Code   RO        10043    .text               mf_w.l(d2f.o)
    0x08000a30   0x08000a30   0x0000002c   Code   RO        10062    .text               mc_w.l(uidiv.o)
    0x08000a5c   0x08000a5c   0x0000001e   Code   RO        10064    .text               mc_w.l(llshl.o)
    0x08000a7a   0x08000a7a   0x00000020   Code   RO        10066    .text               mc_w.l(llushr.o)
    0x08000a9a   0x08000a9a   0x00000002   PAD
    0x08000a9c   0x08000a9c   0x0000000c   Code   RO        10068    .text               mc_w.l(localtime_w.o)
    0x08000aa8   0x08000aa8   0x0000008c   Code   RO        10071    .text               mc_w.l(localtime_i.o)
    0x08000b34   0x08000b34   0x0000001c   Code   RO        10074    .text               mc_w.l(_chval.o)
    0x08000b50   0x08000b50   0x00000028   Code   RO        10076    .text               mc_w.l(scanf_char.o)
    0x08000b78   0x08000b78   0x00000040   Code   RO        10078    .text               mc_w.l(_sgetc.o)
    0x08000bb8   0x08000bb8   0x00000000   Code   RO        10080    .text               mc_w.l(iusefp.o)
    0x08000bb8   0x08000bb8   0x0000006e   Code   RO        10081    .text               mf_w.l(fepilogue.o)
    0x08000c26   0x08000c26   0x000000ba   Code   RO        10083    .text               mf_w.l(depilogue.o)
    0x08000ce0   0x08000ce0   0x0000014e   Code   RO        10085    .text               mf_w.l(dadd.o)
    0x08000e2e   0x08000e2e   0x00000030   Code   RO        10087    .text               mf_w.l(dfixul.o)
    0x08000e5e   0x08000e5e   0x00000002   PAD
    0x08000e60   0x08000e60   0x00000030   Code   RO        10089    .text               mf_w.l(cdrcmple.o)
    0x08000e90   0x08000e90   0x00000024   Code   RO        10091    .text               mc_w.l(init.o)
    0x08000eb4   0x08000eb4   0x00000024   Code   RO        10093    .text               mc_w.l(llsshr.o)
    0x08000ed8   0x08000ed8   0x0000000a   Code   RO        10095    .text               mc_w.l(isspace_c.o)
    0x08000ee2   0x08000ee2   0x00000002   PAD
    0x08000ee4   0x08000ee4   0x00000330   Code   RO        10097    .text               mc_w.l(_scanf.o)
    0x08001214   0x08001214   0x00000028   Code   RO        10099    .text               mc_w.l(ctype_c.o)
    0x0800123c   0x0800123c   0x0000000c   Code   RO          613    i.ADC1_2_IRQHandler  stm32g4xx_it.o
    0x08001248   0x08001248   0x00000002   Code   RO          614    i.BusFault_Handler  stm32g4xx_it.o
    0x0800124a   0x0800124a   0x00000002   Code   RO          615    i.DebugMon_Handler  stm32g4xx_it.o
    0x0800124c   0x0800124c   0x00000022   Code   RO         7186    i.DevInit           bsp.o
    0x0800126e   0x0800126e   0x00000004   Code   RO           13    i.Error_Handler     main.o
    0x08001272   0x08001272   0x00000002   PAD
    0x08001274   0x08001274   0x0000003c   Code   RO         7187    i.EventInit         bsp.o
    0x080012b0   0x080012b0   0x00000038   Code   RO         7188    i.GpioInit          bsp.o
    0x080012e8   0x080012e8   0x00000002   Code   RO         1015    i.HAL_ADCEx_EndOfSamplingCallback  stm32g4xx_hal_adc_ex.o
    0x080012ea   0x080012ea   0x00000002   Code   RO         1018    i.HAL_ADCEx_InjectedConvCpltCallback  stm32g4xx_hal_adc_ex.o
    0x080012ec   0x080012ec   0x00000002   Code   RO         1021    i.HAL_ADCEx_InjectedQueueOverflowCallback  stm32g4xx_hal_adc_ex.o
    0x080012ee   0x080012ee   0x00000002   Code   RO         1026    i.HAL_ADCEx_LevelOutOfWindow2Callback  stm32g4xx_hal_adc_ex.o
    0x080012f0   0x080012f0   0x00000002   Code   RO         1027    i.HAL_ADCEx_LevelOutOfWindow3Callback  stm32g4xx_hal_adc_ex.o
    0x080012f2   0x080012f2   0x00000002   PAD
    0x080012f4   0x080012f4   0x000000d4   Code   RO         1028    i.HAL_ADCEx_MultiModeConfigChannel  stm32g4xx_hal_adc_ex.o
    0x080013c8   0x080013c8   0x00000420   Code   RO          780    i.HAL_ADC_ConfigChannel  stm32g4xx_hal_adc.o
    0x080017e8   0x080017e8   0x00000002   Code   RO          781    i.HAL_ADC_ConvCpltCallback  stm32g4xx_hal_adc.o
    0x080017ea   0x080017ea   0x00000002   Code   RO          784    i.HAL_ADC_ErrorCallback  stm32g4xx_hal_adc.o
    0x080017ec   0x080017ec   0x0000026c   Code   RO          788    i.HAL_ADC_IRQHandler  stm32g4xx_hal_adc.o
    0x08001a58   0x08001a58   0x000001f8   Code   RO          789    i.HAL_ADC_Init      stm32g4xx_hal_adc.o
    0x08001c50   0x08001c50   0x00000002   Code   RO          790    i.HAL_ADC_LevelOutOfWindowCallback  stm32g4xx_hal_adc.o
    0x08001c52   0x08001c52   0x00000002   PAD
    0x08001c54   0x08001c54   0x00000068   Code   RO          386    i.HAL_ADC_MspInit   adc.o
    0x08001cbc   0x08001cbc   0x00000078   Code   RO         2057    i.HAL_DMA_Abort_IT  stm32g4xx_hal_dma.o
    0x08001d34   0x08001d34   0x00000006   Code   RO         2060    i.HAL_DMA_GetState  stm32g4xx_hal_dma.o
    0x08001d3a   0x08001d3a   0x00000002   PAD
    0x08001d3c   0x08001d3c   0x00000024   Code   RO         1227    i.HAL_Delay         stm32g4xx_hal.o
    0x08001d60   0x08001d60   0x0000014c   Code   RO         1915    i.HAL_GPIO_DeInit   stm32g4xx_hal_gpio.o
    0x08001eac   0x08001eac   0x000001c8   Code   RO         1918    i.HAL_GPIO_Init     stm32g4xx_hal_gpio.o
    0x08002074   0x08002074   0x00000010   Code   RO         1921    i.HAL_GPIO_TogglePin  stm32g4xx_hal_gpio.o
    0x08002084   0x08002084   0x0000000a   Code   RO         1922    i.HAL_GPIO_WritePin  stm32g4xx_hal_gpio.o
    0x0800208e   0x0800208e   0x00000002   PAD
    0x08002090   0x08002090   0x0000000c   Code   RO         1231    i.HAL_GetTick       stm32g4xx_hal.o
    0x0800209c   0x0800209c   0x00000056   Code   RO         3157    i.HAL_I2CEx_ConfigAnalogFilter  stm32g4xx_hal_i2c_ex.o
    0x080020f2   0x080020f2   0x00000052   Code   RO         3158    i.HAL_I2CEx_ConfigDigitalFilter  stm32g4xx_hal_i2c_ex.o
    0x08002144   0x08002144   0x00000002   Code   RO         2695    i.HAL_I2C_AbortCpltCallback  stm32g4xx_hal_i2c.o
    0x08002146   0x08002146   0x00000002   Code   RO         2696    i.HAL_I2C_AddrCallback  stm32g4xx_hal_i2c.o
    0x08002148   0x08002148   0x00000068   Code   RO         2699    i.HAL_I2C_ER_IRQHandler  stm32g4xx_hal_i2c.o
    0x080021b0   0x080021b0   0x00000010   Code   RO         2700    i.HAL_I2C_EV_IRQHandler  stm32g4xx_hal_i2c.o
    0x080021c0   0x080021c0   0x00000002   Code   RO         2702    i.HAL_I2C_ErrorCallback  stm32g4xx_hal_i2c.o
    0x080021c2   0x080021c2   0x00000002   PAD
    0x080021c4   0x080021c4   0x000000b8   Code   RO         2706    i.HAL_I2C_Init      stm32g4xx_hal_i2c.o
    0x0800227c   0x0800227c   0x00000124   Code   RO         2707    i.HAL_I2C_IsDeviceReady  stm32g4xx_hal_i2c.o
    0x080023a0   0x080023a0   0x00000002   Code   RO         2708    i.HAL_I2C_ListenCpltCallback  stm32g4xx_hal_i2c.o
    0x080023a2   0x080023a2   0x00000002   PAD
    0x080023a4   0x080023a4   0x00000164   Code   RO         2724    i.HAL_I2C_Mem_Read  stm32g4xx_hal_i2c.o
    0x08002508   0x08002508   0x00000158   Code   RO         2727    i.HAL_I2C_Mem_Write  stm32g4xx_hal_i2c.o
    0x08002660   0x08002660   0x000000fc   Code   RO          428    i.HAL_I2C_MspInit   i2c.o
    0x0800275c   0x0800275c   0x00000002   Code   RO         2732    i.HAL_I2C_SlaveRxCpltCallback  stm32g4xx_hal_i2c.o
    0x0800275e   0x0800275e   0x00000002   Code   RO         2733    i.HAL_I2C_SlaveTxCpltCallback  stm32g4xx_hal_i2c.o
    0x08002760   0x08002760   0x00000010   Code   RO         1234    i.HAL_IncTick       stm32g4xx_hal.o
    0x08002770   0x08002770   0x0000001e   Code   RO         1235    i.HAL_Init          stm32g4xx_hal.o
    0x0800278e   0x0800278e   0x00000002   PAD
    0x08002790   0x08002790   0x00000044   Code   RO         1236    i.HAL_InitTick      stm32g4xx_hal.o
    0x080027d4   0x080027d4   0x00000030   Code   RO          749    i.HAL_MspInit       stm32g4xx_hal_msp.o
    0x08002804   0x08002804   0x00000022   Code   RO         2564    i.HAL_NVIC_DisableIRQ  stm32g4xx_hal_cortex.o
    0x08002826   0x08002826   0x0000001a   Code   RO         2565    i.HAL_NVIC_EnableIRQ  stm32g4xx_hal_cortex.o
    0x08002840   0x08002840   0x00000040   Code   RO         2571    i.HAL_NVIC_SetPriority  stm32g4xx_hal_cortex.o
    0x08002880   0x08002880   0x00000024   Code   RO         2572    i.HAL_NVIC_SetPriorityGrouping  stm32g4xx_hal_cortex.o
    0x080028a4   0x080028a4   0x000000bc   Code   RO         2321    i.HAL_PWREx_ControlVoltageScaling  stm32g4xx_hal_pwr_ex.o
    0x08002960   0x08002960   0x00000010   Code   RO         2333    i.HAL_PWREx_DisableUCPDDeadBattery  stm32g4xx_hal_pwr_ex.o
    0x08002970   0x08002970   0x00000288   Code   RO         1580    i.HAL_RCCEx_PeriphCLKConfig  stm32g4xx_hal_rcc_ex.o
    0x08002bf8   0x08002bf8   0x000001dc   Code   RO         1455    i.HAL_RCC_ClockConfig  stm32g4xx_hal_rcc.o
    0x08002dd4   0x08002dd4   0x00000024   Code   RO         1463    i.HAL_RCC_GetPCLK1Freq  stm32g4xx_hal_rcc.o
    0x08002df8   0x08002df8   0x00000024   Code   RO         1464    i.HAL_RCC_GetPCLK2Freq  stm32g4xx_hal_rcc.o
    0x08002e1c   0x08002e1c   0x0000006c   Code   RO         1465    i.HAL_RCC_GetSysClockFreq  stm32g4xx_hal_rcc.o
    0x08002e88   0x08002e88   0x0000040c   Code   RO         1468    i.HAL_RCC_OscConfig  stm32g4xx_hal_rcc.o
    0x08003294   0x08003294   0x00000002   Code   RO         3354    i.HAL_RTCEx_AlarmBEventCallback  stm32g4xx_hal_rtc_ex.o
    0x08003296   0x08003296   0x00000002   PAD
    0x08003298   0x08003298   0x00000078   Code   RO         9183    i.HAL_RTC_AlarmAEventCallback  itcallback.o
    0x08003310   0x08003310   0x00000050   Code   RO         3212    i.HAL_RTC_AlarmIRQHandler  stm32g4xx_hal_rtc.o
    0x08003360   0x08003360   0x00000048   Code   RO         3216    i.HAL_RTC_GetDate   stm32g4xx_hal_rtc.o
    0x080033a8   0x080033a8   0x0000005c   Code   RO         3218    i.HAL_RTC_GetTime   stm32g4xx_hal_rtc.o
    0x08003404   0x08003404   0x00000094   Code   RO         3219    i.HAL_RTC_Init      stm32g4xx_hal_rtc.o
    0x08003498   0x08003498   0x00000034   Code   RO          476    i.HAL_RTC_MspInit   rtc.o
    0x080034cc   0x080034cc   0x0000018c   Code   RO         3224    i.HAL_RTC_SetAlarm_IT  stm32g4xx_hal_rtc.o
    0x08003658   0x08003658   0x000000a8   Code   RO         3225    i.HAL_RTC_SetDate   stm32g4xx_hal_rtc.o
    0x08003700   0x08003700   0x000000d0   Code   RO         3226    i.HAL_RTC_SetTime   stm32g4xx_hal_rtc.o
    0x080037d0   0x080037d0   0x00000034   Code   RO         3227    i.HAL_RTC_WaitForSynchro  stm32g4xx_hal_rtc.o
    0x08003804   0x08003804   0x00000002   Code   RO         3643    i.HAL_SPI_ErrorCallback  stm32g4xx_hal_spi.o
    0x08003806   0x08003806   0x00000002   PAD
    0x08003808   0x08003808   0x000000fc   Code   RO         3646    i.HAL_SPI_IRQHandler  stm32g4xx_hal_spi.o
    0x08003904   0x08003904   0x000000ea   Code   RO         3647    i.HAL_SPI_Init      stm32g4xx_hal_spi.o
    0x080039ee   0x080039ee   0x00000002   PAD
    0x080039f0   0x080039f0   0x000000bc   Code   RO          518    i.HAL_SPI_MspInit   spi.o
    0x08003aac   0x08003aac   0x00000028   Code   RO         2576    i.HAL_SYSTICK_Config  stm32g4xx_hal_cortex.o
    0x08003ad4   0x08003ad4   0x0000003e   Code   RO         4425    i.HAL_UARTEx_DisableFifoMode  stm32g4xx_hal_uart_ex.o
    0x08003b12   0x08003b12   0x00000002   Code   RO         4429    i.HAL_UARTEx_RxFifoFullCallback  stm32g4xx_hal_uart_ex.o
    0x08003b14   0x08003b14   0x0000004c   Code   RO         4430    i.HAL_UARTEx_SetRxFifoThreshold  stm32g4xx_hal_uart_ex.o
    0x08003b60   0x08003b60   0x0000004c   Code   RO         4431    i.HAL_UARTEx_SetTxFifoThreshold  stm32g4xx_hal_uart_ex.o
    0x08003bac   0x08003bac   0x00000002   Code   RO         4433    i.HAL_UARTEx_TxFifoEmptyCallback  stm32g4xx_hal_uart_ex.o
    0x08003bae   0x08003bae   0x00000002   Code   RO         4434    i.HAL_UARTEx_WakeupCallback  stm32g4xx_hal_uart_ex.o
    0x08003bb0   0x08003bb0   0x00000042   Code   RO         4044    i.HAL_UART_DeInit   stm32g4xx_hal_uart.o
    0x08003bf2   0x08003bf2   0x00000002   Code   RO         4047    i.HAL_UART_ErrorCallback  stm32g4xx_hal_uart.o
    0x08003bf4   0x08003bf4   0x000001c4   Code   RO         4050    i.HAL_UART_IRQHandler  stm32g4xx_hal_uart.o
    0x08003db8   0x08003db8   0x0000006a   Code   RO         4051    i.HAL_UART_Init     stm32g4xx_hal_uart.o
    0x08003e22   0x08003e22   0x00000002   PAD
    0x08003e24   0x08003e24   0x00000058   Code   RO          565    i.HAL_UART_MspDeInit  usart.o
    0x08003e7c   0x08003e7c   0x000000c4   Code   RO          566    i.HAL_UART_MspInit  usart.o
    0x08003f40   0x08003f40   0x000000fc   Code   RO         4056    i.HAL_UART_Receive_IT  stm32g4xx_hal_uart.o
    0x0800403c   0x0800403c   0x0000006c   Code   RO         9186    i.HAL_UART_RxCpltCallback  itcallback.o
    0x080040a8   0x080040a8   0x000000bc   Code   RO         4060    i.HAL_UART_Transmit  stm32g4xx_hal_uart.o
    0x08004164   0x08004164   0x00000002   Code   RO         9187    i.HAL_UART_TxCpltCallback  itcallback.o
    0x08004166   0x08004166   0x00000002   Code   RO          616    i.HardFault_Handler  stm32g4xx_it.o
    0x08004168   0x08004168   0x0000000c   Code   RO          617    i.I2C1_ER_IRQHandler  stm32g4xx_it.o
    0x08004174   0x08004174   0x0000000c   Code   RO          618    i.I2C1_EV_IRQHandler  stm32g4xx_it.o
    0x08004180   0x08004180   0x0000000c   Code   RO          619    i.I2C2_ER_IRQHandler  stm32g4xx_it.o
    0x0800418c   0x0800418c   0x0000000c   Code   RO          620    i.I2C2_EV_IRQHandler  stm32g4xx_it.o
    0x08004198   0x08004198   0x00000014   Code   RO         2745    i.I2C_DMAAbort      stm32g4xx_hal_i2c.o
    0x080041ac   0x080041ac   0x0000005e   Code   RO         2751    i.I2C_Disable_IRQ   stm32g4xx_hal_i2c.o
    0x0800420a   0x0800420a   0x00000022   Code   RO         2753    i.I2C_Flush_TXDR    stm32g4xx_hal_i2c.o
    0x0800422c   0x0800422c   0x0000008c   Code   RO         2754    i.I2C_ITAddrCplt    stm32g4xx_hal_i2c.o
    0x080042b8   0x080042b8   0x000000f4   Code   RO         2755    i.I2C_ITError       stm32g4xx_hal_i2c.o
    0x080043ac   0x080043ac   0x00000064   Code   RO         2756    i.I2C_ITListenCplt  stm32g4xx_hal_i2c.o
    0x08004410   0x08004410   0x00000130   Code   RO         2759    i.I2C_ITSlaveCplt   stm32g4xx_hal_i2c.o
    0x08004540   0x08004540   0x00000072   Code   RO         2760    i.I2C_ITSlaveSeqCplt  stm32g4xx_hal_i2c.o
    0x080045b2   0x080045b2   0x00000002   PAD
    0x080045b4   0x080045b4   0x00000084   Code   RO         2761    i.I2C_IsAcknowledgeFailed  stm32g4xx_hal_i2c.o
    0x08004638   0x08004638   0x00000064   Code   RO         2764    i.I2C_RequestMemoryRead  stm32g4xx_hal_i2c.o
    0x0800469c   0x0800469c   0x00000064   Code   RO         2765    i.I2C_RequestMemoryWrite  stm32g4xx_hal_i2c.o
    0x08004700   0x08004700   0x00000120   Code   RO         2767    i.I2C_Slave_ISR_IT  stm32g4xx_hal_i2c.o
    0x08004820   0x08004820   0x0000002c   Code   RO         2768    i.I2C_TransferConfig  stm32g4xx_hal_i2c.o
    0x0800484c   0x0800484c   0x0000002a   Code   RO         2769    i.I2C_TreatErrorCallback  stm32g4xx_hal_i2c.o
    0x08004876   0x08004876   0x00000058   Code   RO         2770    i.I2C_WaitOnFlagUntilTimeout  stm32g4xx_hal_i2c.o
    0x080048ce   0x080048ce   0x0000004c   Code   RO         2772    i.I2C_WaitOnSTOPFlagUntilTimeout  stm32g4xx_hal_i2c.o
    0x0800491a   0x0800491a   0x00000050   Code   RO         2773    i.I2C_WaitOnTXISFlagUntilTimeout  stm32g4xx_hal_i2c.o
    0x0800496a   0x0800496a   0x00000002   PAD
    0x0800496c   0x0800496c   0x000000e0   Code   RO         7525    i.LIS2DS12_ACC_Get_Acceleration  lis2ds12_acc_driver.o
    0x08004a4c   0x08004a4c   0x00000014   Code   RO         7527    i.LIS2DS12_ACC_Get_Raw_Acceleration  lis2ds12_acc_driver.o
    0x08004a60   0x08004a60   0x0000001c   Code   RO         7642    i.LIS2DS12_ACC_ReadReg  lis2ds12_acc_driver.o
    0x08004a7c   0x08004a7c   0x00000036   Code   RO         7645    i.LIS2DS12_ACC_W_BDU  lis2ds12_acc_driver.o
    0x08004ab2   0x08004ab2   0x00000036   Code   RO         7654    i.LIS2DS12_ACC_W_FullScale  lis2ds12_acc_driver.o
    0x08004ae8   0x08004ae8   0x00000036   Code   RO         7655    i.LIS2DS12_ACC_W_HF_ODR  lis2ds12_acc_driver.o
    0x08004b1e   0x08004b1e   0x00000036   Code   RO         7657    i.LIS2DS12_ACC_W_I2C_DISABLE  lis2ds12_acc_driver.o
    0x08004b54   0x08004b54   0x00000036   Code   RO         7680    i.LIS2DS12_ACC_W_ODR  lis2ds12_acc_driver.o
    0x08004b8a   0x08004b8a   0x0000001c   Code   RO         7704    i.LIS2DS12_ACC_WriteReg  lis2ds12_acc_driver.o
    0x08004ba6   0x08004ba6   0x00000002   PAD
    0x08004ba8   0x08004ba8   0x0000001c   Code   RO         7705    i.LIS2DS12_CFn_Data_Collection  lis2ds12_acc_driver.o
    0x08004bc4   0x08004bc4   0x00000054   Code   RO         7706    i.LIS2DS12_CFn_Initialize  lis2ds12_acc_driver.o
    0x08004c18   0x08004c18   0x00000044   Code   RO         7707    i.LIS2DS12_CFn_IsDeviceReady  lis2ds12_acc_driver.o
    0x08004c5c   0x08004c5c   0x0000000c   Code   RO          803    i.LL_ADC_GetOffsetChannel  stm32g4xx_hal_adc.o
    0x08004c68   0x08004c68   0x00000008   Code   RO          804    i.LL_ADC_INJ_IsConversionOngoing  stm32g4xx_hal_adc.o
    0x08004c70   0x08004c70   0x00000008   Code   RO          805    i.LL_ADC_REG_IsConversionOngoing  stm32g4xx_hal_adc.o
    0x08004c78   0x08004c78   0x00000008   Code   RO         1038    i.LL_ADC_REG_IsConversionOngoing  stm32g4xx_hal_adc_ex.o
    0x08004c80   0x08004c80   0x00000010   Code   RO          806    i.LL_ADC_REG_IsTriggerSourceSWStart  stm32g4xx_hal_adc.o
    0x08004c90   0x08004c90   0x0000001e   Code   RO          808    i.LL_ADC_SetChannelSamplingTime  stm32g4xx_hal_adc.o
    0x08004cae   0x08004cae   0x00000010   Code   RO          809    i.LL_ADC_SetOffsetState  stm32g4xx_hal_adc.o
    0x08004cbe   0x08004cbe   0x00000002   PAD
    0x08004cc0   0x08004cc0   0x00000090   Code   RO          387    i.MX_ADC1_Init      adc.o
    0x08004d50   0x08004d50   0x000000a0   Code   RO          361    i.MX_GPIO_Init      gpio.o
    0x08004df0   0x08004df0   0x00000058   Code   RO          429    i.MX_I2C1_Init      i2c.o
    0x08004e48   0x08004e48   0x00000058   Code   RO          430    i.MX_I2C2_Init      i2c.o
    0x08004ea0   0x08004ea0   0x000000c0   Code   RO          477    i.MX_RTC_Init       rtc.o
    0x08004f60   0x08004f60   0x00000050   Code   RO          519    i.MX_SPI2_Init      spi.o
    0x08004fb0   0x08004fb0   0x00000050   Code   RO          520    i.MX_SPI3_Init      spi.o
    0x08005000   0x08005000   0x00000070   Code   RO          567    i.MX_USART1_UART_Init  usart.o
    0x08005070   0x08005070   0x00000070   Code   RO          568    i.MX_USART3_UART_Init  usart.o
    0x080050e0   0x080050e0   0x00000002   Code   RO          621    i.MemManage_Handler  stm32g4xx_it.o
    0x080050e2   0x080050e2   0x00000002   Code   RO          622    i.NMI_Handler       stm32g4xx_it.o
    0x080050e4   0x080050e4   0x00000018   Code   RO          624    i.RTC_Alarm_IRQHandler  stm32g4xx_it.o
    0x080050fc   0x080050fc   0x00000012   Code   RO         3228    i.RTC_Bcd2ToByte    stm32g4xx_hal_rtc.o
    0x0800510e   0x0800510e   0x00000018   Code   RO         3229    i.RTC_ByteToBcd2    stm32g4xx_hal_rtc.o
    0x08005126   0x08005126   0x00000002   PAD
    0x08005128   0x08005128   0x0000004c   Code   RO         3230    i.RTC_EnterInitMode  stm32g4xx_hal_rtc.o
    0x08005174   0x08005174   0x00000058   Code   RO         3231    i.RTC_ExitInitMode  stm32g4xx_hal_rtc.o
    0x080051cc   0x080051cc   0x00000018   Code   RO          625    i.SPI2_IRQHandler   stm32g4xx_it.o
    0x080051e4   0x080051e4   0x0000000c   Code   RO          626    i.SPI3_IRQHandler   stm32g4xx_it.o
    0x080051f0   0x080051f0   0x00000012   Code   RO         3674    i.SPI_DMAAbortOnError  stm32g4xx_hal_spi.o
    0x08005202   0x08005202   0x00000002   PAD
    0x08005204   0x08005204   0x00000020   Code   RO         7432    i.STTS75_Check      stts75_driver.o
    0x08005224   0x08005224   0x00000070   Code   RO         7433    i.STTS75_GET_Temp   stts75_driver.o
    0x08005294   0x08005294   0x00000002   Code   RO          627    i.SVC_Handler       stm32g4xx_it.o
    0x08005296   0x08005296   0x00000002   PAD
    0x08005298   0x08005298   0x00000044   Code   RO         7189    i.SemInit           bsp.o
    0x080052dc   0x080052dc   0x000001dc   Code   RO         9359    i.String2BcdTime    ntp.o
    0x080054b8   0x080054b8   0x00000020   Code   RO          628    i.SysTick_Handler   stm32g4xx_it.o
    0x080054d8   0x080054d8   0x00000098   Code   RO           14    i.SystemClock_Config  main.o
    0x08005570   0x08005570   0x0000001c   Code   RO         4519    i.SystemInit        system_stm32g4xx.o
    0x0800558c   0x0800558c   0x00000014   Code   RO         7190    i.TimeInit          bsp.o
    0x080055a0   0x080055a0   0x000000ae   Code   RO         9360    i.Tm2BcdTime        ntp.o
    0x0800564e   0x0800564e   0x00000002   PAD
    0x08005650   0x08005650   0x00000064   Code   RO         4435    i.UARTEx_SetNbDataToProcess  stm32g4xx_hal_uart_ex.o
    0x080056b4   0x080056b4   0x000000c8   Code   RO         4065    i.UART_AdvFeatureConfig  stm32g4xx_hal_uart.o
    0x0800577c   0x0800577c   0x0000005e   Code   RO         4066    i.UART_CheckIdleState  stm32g4xx_hal_uart.o
    0x080057da   0x080057da   0x00000014   Code   RO         4067    i.UART_DMAAbortOnError  stm32g4xx_hal_uart.o
    0x080057ee   0x080057ee   0x00000002   PAD
    0x080057f0   0x080057f0   0x00000024   Code   RO         4077    i.UART_EndRxTransfer  stm32g4xx_hal_uart.o
    0x08005814   0x08005814   0x0000005e   Code   RO         4079    i.UART_RxISR_16BIT  stm32g4xx_hal_uart.o
    0x08005872   0x08005872   0x00000002   PAD
    0x08005874   0x08005874   0x000000a0   Code   RO         4080    i.UART_RxISR_16BIT_FIFOEN  stm32g4xx_hal_uart.o
    0x08005914   0x08005914   0x0000005e   Code   RO         4081    i.UART_RxISR_8BIT   stm32g4xx_hal_uart.o
    0x08005972   0x08005972   0x00000002   PAD
    0x08005974   0x08005974   0x000000a0   Code   RO         4082    i.UART_RxISR_8BIT_FIFOEN  stm32g4xx_hal_uart.o
    0x08005a14   0x08005a14   0x00000278   Code   RO         4083    i.UART_SetConfig    stm32g4xx_hal_uart.o
    0x08005c8c   0x08005c8c   0x000000a4   Code   RO         4088    i.UART_WaitOnFlagUntilTimeout  stm32g4xx_hal_uart.o
    0x08005d30   0x08005d30   0x00000018   Code   RO          629    i.USART1_IRQHandler  stm32g4xx_it.o
    0x08005d48   0x08005d48   0x00000018   Code   RO          630    i.USART3_IRQHandler  stm32g4xx_it.o
    0x08005d60   0x08005d60   0x00000002   Code   RO          631    i.UsageFault_Handler  stm32g4xx_it.o
    0x08005d62   0x08005d62   0x00000002   PAD
    0x08005d64   0x08005d64   0x00000020   Code   RO         9999    i.__0printf         mc_w.l(printfa.o)
    0x08005d84   0x08005d84   0x00000034   Code   RO        10000    i.__0snprintf       mc_w.l(printfa.o)
    0x08005db8   0x08005db8   0x00000034   Code   RO        10004    i.__0vsnprintf      mc_w.l(printfa.o)
    0x08005dec   0x08005dec   0x00000020   Code   RO         2578    i.__NVIC_SetPriority  stm32g4xx_hal_cortex.o
    0x08005e0c   0x08005e0c   0x00000020   Code   RO         4646    i.__NVIC_SetPriority  port_c.o
    0x08005e2c   0x08005e2c   0x00000012   Code   RO         5322    i.__ffs             tos_mmheap.o
    0x08005e3e   0x08005e3e   0x0000000c   Code   RO         5323    i.__fls             tos_mmheap.o
    0x08005e4a   0x08005e4a   0x0000000e   Code   RO        10104    i.__scatterload_copy  mc_w.l(handlers.o)
    0x08005e58   0x08005e58   0x00000002   Code   RO        10105    i.__scatterload_null  mc_w.l(handlers.o)
    0x08005e5a   0x08005e5a   0x0000000e   Code   RO        10106    i.__scatterload_zeroinit  mc_w.l(handlers.o)
    0x08005e68   0x08005e68   0x00000184   Code   RO        10006    i._fp_digits        mc_w.l(printfa.o)
    0x08005fec   0x08005fec   0x000006b4   Code   RO        10007    i._printf_core      mc_w.l(printfa.o)
    0x080066a0   0x080066a0   0x00000024   Code   RO        10008    i._printf_post_padding  mc_w.l(printfa.o)
    0x080066c4   0x080066c4   0x0000002e   Code   RO        10009    i._printf_pre_padding  mc_w.l(printfa.o)
    0x080066f2   0x080066f2   0x00000016   Code   RO        10010    i._snputc           mc_w.l(printfa.o)
    0x08006708   0x08006708   0x0000001e   Code   RO         5324    i.adjust_request_size  tos_mmheap.o
    0x08006726   0x08006726   0x00000050   Code   RO         8920    i.at_channel_construct  tos_at.o
    0x08006776   0x08006776   0x00000002   PAD
    0x08006778   0x08006778   0x0000002c   Code   RO         8921    i.at_channel_get    tos_at.o
    0x080067a4   0x080067a4   0x00000064   Code   RO         8922    i.at_cmd_do_exec    tos_at.o
    0x08006808   0x08006808   0x00000014   Code   RO         8923    i.at_echo_attach    tos_at.o
    0x0800681c   0x0800681c   0x0000004c   Code   RO         8924    i.at_get_event      tos_at.o
    0x08006868   0x08006868   0x000000f8   Code   RO         8925    i.at_parser         tos_at.o
    0x08006960   0x08006960   0x00000024   Code   RO         8926    i.at_recv_cache_deinit  tos_at.o
    0x08006984   0x08006984   0x0000004c   Code   RO         8927    i.at_uart_getchar   tos_at.o
    0x080069d0   0x080069d0   0x000000d4   Code   RO         8928    i.at_uart_line_parse  tos_at.o
    0x08006aa4   0x08006aa4   0x00000034   Code   RO         8929    i.at_uart_send      tos_at.o
    0x08006ad8   0x08006ad8   0x00000168   Code   RO         9293    i.ble_resolve_para  ble.o
    0x08006c40   0x08006c40   0x0000001c   Code   RO         5325    i.blk_absorb        tos_mmheap.o
    0x08006c5c   0x08006c5c   0x00000014   Code   RO         5326    i.blk_can_split     tos_mmheap.o
    0x08006c70   0x08006c70   0x00000050   Code   RO         5327    i.blk_insert        tos_mmheap.o
    0x08006cc0   0x08006cc0   0x0000000c   Code   RO         5328    i.blk_link_next     tos_mmheap.o
    0x08006ccc   0x08006ccc   0x00000090   Code   RO         5329    i.blk_locate_free   tos_mmheap.o
    0x08006d5c   0x08006d5c   0x0000001a   Code   RO         5330    i.blk_mark_as_free  tos_mmheap.o
    0x08006d76   0x08006d76   0x0000001a   Code   RO         5331    i.blk_mark_as_used  tos_mmheap.o
    0x08006d90   0x08006d90   0x00000024   Code   RO         5332    i.blk_merge_next    tos_mmheap.o
    0x08006db4   0x08006db4   0x00000010   Code   RO         5333    i.blk_next          tos_mmheap.o
    0x08006dc4   0x08006dc4   0x0000003c   Code   RO         5334    i.blk_prepare_used  tos_mmheap.o
    0x08006e00   0x08006e00   0x0000001e   Code   RO         5335    i.blk_remove        tos_mmheap.o
    0x08006e1e   0x08006e1e   0x00000032   Code   RO         5336    i.blk_split         tos_mmheap.o
    0x08006e50   0x08006e50   0x00000004   Code   RO         4556    i.cpu_context_switch  tos_cpu.o
    0x08006e54   0x08006e54   0x0000002c   Code   RO         4557    i.cpu_init          tos_cpu.o
    0x08006e80   0x08006e80   0x00000004   Code   RO         4558    i.cpu_irq_context_switch  tos_cpu.o
    0x08006e84   0x08006e84   0x00000004   Code   RO         4560    i.cpu_sched_start   tos_cpu.o
    0x08006e88   0x08006e88   0x00000014   Code   RO         4561    i.cpu_systick_init  tos_cpu.o
    0x08006e9c   0x08006e9c   0x0000006e   Code   RO         4562    i.cpu_task_stk_init  tos_cpu.o
    0x08006f0a   0x08006f0a   0x00000002   PAD
    0x08006f0c   0x08006f0c   0x0000002c   Code   RO         7285    i.esp32_close       esp32.o
    0x08006f38   0x08006f38   0x00000088   Code   RO         7286    i.esp32_connect     esp32.o
    0x08006fc0   0x08006fc0   0x00000038   Code   RO         7287    i.esp32_echo_close  esp32.o
    0x08006ff8   0x08006ff8   0x00000002   Code   RO         7288    i.esp32_incoming_data_process  esp32.o
    0x08006ffa   0x08006ffa   0x00000002   PAD
    0x08006ffc   0x08006ffc   0x00000038   Code   RO         7289    i.esp32_init        esp32.o
    0x08007034   0x08007034   0x00000038   Code   RO         7290    i.esp32_is_link_broken  esp32.o
    0x0800706c   0x0800706c   0x00000064   Code   RO         9248    i.esp32_join_ap     wifi.o
    0x080070d0   0x080070d0   0x00000028   Code   RO         9249    i.esp32_join_wifi   wifi.o
    0x080070f8   0x080070f8   0x00000044   Code   RO         9415    i.esp32_mqttsub     mqttsub.o
    0x0800713c   0x0800713c   0x00000074   Code   RO         7291    i.esp32_mqttsub_data_process  esp32.o
    0x080071b0   0x080071b0   0x0000006c   Code   RO         7292    i.esp32_multilink_set  esp32.o
    0x0800721c   0x0800721c   0x00000094   Code   RO         7293    i.esp32_net_mode_set  esp32.o
    0x080072b0   0x080072b0   0x0000007c   Code   RO         9362    i.esp32_ntp_get     ntp.o
    0x0800732c   0x0800732c   0x0000009c   Code   RO         7294    i.esp32_parse_domain  esp32.o
    0x080073c8   0x080073c8   0x00000034   Code   RO         7295    i.esp32_reconnect_init  esp32.o
    0x080073fc   0x080073fc   0x00000008   Code   RO         7296    i.esp32_recv        esp32.o
    0x08007404   0x08007404   0x00000004   Code   RO         7297    i.esp32_recv_timeout  esp32.o
    0x08007408   0x08007408   0x00000050   Code   RO         7298    i.esp32_restore     esp32.o
    0x08007458   0x08007458   0x0000002c   Code   RO         7299    i.esp32_sal_init    esp32.o
    0x08007484   0x08007484   0x000000a0   Code   RO         7300    i.esp32_send        esp32.o
    0x08007524   0x08007524   0x00000058   Code   RO         7301    i.esp32_send_mode_set  esp32.o
    0x0800757c   0x0800757c   0x00000090   Code   RO         9294    i.esp32ble_init_at  ble.o
    0x0800760c   0x0800760c   0x0000010c   Code   RO         9251    i.esp32wifi_init_at  wifi.o
    0x08007718   0x08007718   0x0000006e   Code   RO         5144    i.event_do_post     tos_event.o
    0x08007786   0x08007786   0x00000022   Code   RO         5145    i.event_is_match    tos_event.o
    0x080077a8   0x080077a8   0x00000044   Code   RO           15    i.fputc             main.o
    0x080077ec   0x080077ec   0x00000050   Code   RO         9323    i.fs_init           fs.o
    0x0800783c   0x0800783c   0x0000008c   Code   RO         9363    i.get_unix_time     ntp.o
    0x080078c8   0x080078c8   0x0000001e   Code   RO         9416    i.json_get_last_para  mqttsub.o
    0x080078e6   0x080078e6   0x0000001e   Code   RO         9417    i.json_get_para     mqttsub.o
    0x08007904   0x08007904   0x00000002   Code   RO         6330    i.knl_idle_entry    tos_sys.o
    0x08007906   0x08007906   0x00000002   PAD
    0x08007908   0x08007908   0x00000038   Code   RO         6331    i.knl_idle_init     tos_sys.o
    0x08007940   0x08007940   0x00000014   Code   RO         6332    i.knl_is_idle       tos_sys.o
    0x08007954   0x08007954   0x00000010   Code   RO         6333    i.knl_is_inirq      tos_sys.o
    0x08007964   0x08007964   0x00000010   Code   RO         6334    i.knl_is_sched_locked  tos_sys.o
    0x08007974   0x08007974   0x00000014   Code   RO         6335    i.knl_is_self       tos_sys.o
    0x08007988   0x08007988   0x00000054   Code   RO         6336    i.knl_sched         tos_sys.o
    0x080079dc   0x080079dc   0x0000001c   Code   RO         8728    i.led_task_entry    ledtask.o
    0x080079f8   0x080079f8   0x000000e0   Code   RO           16    i.main              main.o
    0x08007ad8   0x08007ad8   0x0000002c   Code   RO         5337    i.mapping_insert    tos_mmheap.o
    0x08007b04   0x08007b04   0x0000004c   Code   RO         5338    i.mmheap_ctl_init   tos_mmheap.o
    0x08007b50   0x08007b50   0x00000016   Code   RO         5340    i.mmheap_init_with_pool  tos_mmheap.o
    0x08007b66   0x08007b66   0x00000002   PAD
    0x08007b68   0x08007b68   0x00000028   Code   RO         5341    i.mmheap_pool_is_exist  tos_mmheap.o
    0x08007b90   0x08007b90   0x000000e0   Code   RO         9479    i.mqtt_alarms_pub   mqttpub.o
    0x08007c70   0x08007c70   0x0000011c   Code   RO         9418    i.mqtt_conn_fun     mqttsub.o
    0x08007d8c   0x08007d8c   0x000002f0   Code   RO         9419    i.mqtt_rev_json     mqttsub.o
    0x0800807c   0x0800807c   0x00000608   Code   RO         9480    i.mqtt_sensor_pub   mqttpub.o
    0x08008684   0x08008684   0x000000bc   Code   RO         9420    i.mqtt_sub_fun      mqttsub.o
    0x08008740   0x08008740   0x00000048   Code   RO         9481    i.mqttpub_init      mqttpub.o
    0x08008788   0x08008788   0x000000ec   Code   RO         8888    i.mqttpub_task_entry  mqttpubtask.o
    0x08008874   0x08008874   0x0000003c   Code   RO         9421    i.mqttsub_init      mqttsub.o
    0x080088b0   0x080088b0   0x000000c8   Code   RO         8792    i.mqttsub_task_entry  mqttsubtask.o
    0x08008978   0x08008978   0x0000001c   Code   RO         5501    i.mutex_fresh_owner_mark  tos_mutex.o
    0x08008994   0x08008994   0x0000003e   Code   RO         5502    i.mutex_old_owner_release  tos_mutex.o
    0x080089d2   0x080089d2   0x00000014   Code   RO         5503    i.mutex_release     tos_mutex.o
    0x080089e6   0x080089e6   0x00000002   PAD
    0x080089e8   0x080089e8   0x000000c8   Code   RO         8824    i.nsample_task_entry  nsampletask.o
    0x08008ab0   0x08008ab0   0x00000014   Code   RO         5614    i.pend_highest_pending_prio_get  tos_pend.o
    0x08008ac4   0x08008ac4   0x00000006   Code   RO         5615    i.pend_highest_pending_task_get  tos_pend.o
    0x08008aca   0x08008aca   0x0000000e   Code   RO         5616    i.pend_is_nopending  tos_pend.o
    0x08008ad8   0x08008ad8   0x0000003e   Code   RO         5617    i.pend_list_add     tos_pend.o
    0x08008b16   0x08008b16   0x0000000e   Code   RO         5618    i.pend_list_adjust  tos_pend.o
    0x08008b24   0x08008b24   0x00000018   Code   RO         5619    i.pend_list_remove  tos_pend.o
    0x08008b3c   0x08008b3c   0x00000006   Code   RO         5620    i.pend_object_deinit  tos_pend.o
    0x08008b42   0x08008b42   0x00000006   Code   RO         5621    i.pend_object_init  tos_pend.o
    0x08008b48   0x08008b48   0x0000002c   Code   RO         5622    i.pend_state2errno  tos_pend.o
    0x08008b74   0x08008b74   0x00000038   Code   RO         5623    i.pend_task_block   tos_pend.o
    0x08008bac   0x08008bac   0x00000038   Code   RO         5624    i.pend_task_wakeup  tos_pend.o
    0x08008be4   0x08008be4   0x0000000a   Code   RO         5625    i.pend_wakeup       tos_pend.o
    0x08008bee   0x08008bee   0x00000024   Code   RO         5626    i.pend_wakeup_all   tos_pend.o
    0x08008c12   0x08008c12   0x00000008   Code   RO         5627    i.pend_wakeup_one   tos_pend.o
    0x08008c1a   0x08008c1a   0x00000022   Code   RO         4648    i.port_systick_config  port_c.o
    0x08008c3c   0x08008c3c   0x0000000a   Code   RO         4649    i.port_systick_priority_set  port_c.o
    0x08008c46   0x08008c46   0x00000002   PAD
    0x08008c48   0x08008c48   0x0000001c   Code   RO         6076    i.readyqueue_add    tos_sched.o
    0x08008c64   0x08008c64   0x0000002c   Code   RO         6077    i.readyqueue_add_head  tos_sched.o
    0x08008c90   0x08008c90   0x0000002c   Code   RO         6078    i.readyqueue_add_tail  tos_sched.o
    0x08008cbc   0x08008cbc   0x00000018   Code   RO         6079    i.readyqueue_first_task_get  tos_sched.o
    0x08008cd4   0x08008cd4   0x00000014   Code   RO         6080    i.readyqueue_highest_ready_task_get  tos_sched.o
    0x08008ce8   0x08008ce8   0x00000034   Code   RO         6081    i.readyqueue_init   tos_sched.o
    0x08008d1c   0x08008d1c   0x0000001c   Code   RO         6082    i.readyqueue_is_prio_onlyone  tos_sched.o
    0x08008d38   0x08008d38   0x00000024   Code   RO         6083    i.readyqueue_move_head_to_tail  tos_sched.o
    0x08008d5c   0x08008d5c   0x00000030   Code   RO         6084    i.readyqueue_prio_mark  tos_sched.o
    0x08008d8c   0x08008d8c   0x00000060   Code   RO         6085    i.readyqueue_remove  tos_sched.o
    0x08008dec   0x08008dec   0x00000048   Code   RO         5342    i.remove_free_block  tos_mmheap.o
    0x08008e34   0x08008e34   0x00000070   Code   RO         5956    i.robin_sched       tos_robin.o
    0x08008ea4   0x08008ea4   0x00000056   Code   RO         6201    i.sem_do_post       tos_sem.o
    0x08008efa   0x08008efa   0x00000002   PAD
    0x08008efc   0x08008efc   0x000001fc   Code   RO         9364    i.set_alarm_time    ntp.o
    0x080090f8   0x080090f8   0x00000284   Code   RO         9365    i.set_sample_time   ntp.o
    0x0800937c   0x0800937c   0x00000082   Code   RO         6432    i.task_do_destroy   tos_task.o
    0x080093fe   0x080093fe   0x00000006   Code   RO         6433    i.task_exit         tos_task.o
    0x08009404   0x08009404   0x00000320   Code   RO         8647    i.task_main_entry   task.o
    0x08009724   0x08009724   0x00000028   Code   RO         6434    i.task_reset        tos_task.o
    0x0800974c   0x0800974c   0x00000014   Code   RO         6575    i.tick_list_add     tos_tick.o
    0x08009760   0x08009760   0x00000074   Code   RO         6576    i.tick_list_remove  tos_tick.o
    0x080097d4   0x080097d4   0x0000009c   Code   RO         6578    i.tick_task_place   tos_tick.o
    0x08009870   0x08009870   0x0000007c   Code   RO         6579    i.tick_update       tos_tick.o
    0x080098ec   0x080098ec   0x00000004   Code   RO         6737    i.timer_init        tos_timer.o
    0x080098f0   0x080098f0   0x0000006c   Code   RO         6739    i.timer_place       tos_timer.o
    0x0800995c   0x0800995c   0x00000048   Code   RO         6740    i.timer_takeoff     tos_timer.o
    0x080099a4   0x080099a4   0x00000080   Code   RO         6741    i.timer_update      tos_timer.o
    0x08009a24   0x08009a24   0x00000040   Code   RO         8930    i.tos_at_channel_alloc  tos_at.o
    0x08009a64   0x08009a64   0x0000003a   Code   RO         8932    i.tos_at_channel_free  tos_at.o
    0x08009a9e   0x08009a9e   0x0000001a   Code   RO         8934    i.tos_at_channel_is_working  tos_at.o
    0x08009ab8   0x08009ab8   0x00000088   Code   RO         8937    i.tos_at_channel_read_timed  tos_at.o
    0x08009b40   0x08009b40   0x0000001a   Code   RO         8938    i.tos_at_channel_set_broken  tos_at.o
    0x08009b5a   0x08009b5a   0x00000002   PAD
    0x08009b5c   0x08009b5c   0x0000003c   Code   RO         8940    i.tos_at_cmd_exec   tos_at.o
    0x08009b98   0x08009b98   0x00000074   Code   RO         8941    i.tos_at_cmd_exec_until  tos_at.o
    0x08009c0c   0x08009c0c   0x00000034   Code   RO         8943    i.tos_at_echo_create  tos_at.o
    0x08009c40   0x08009c40   0x00000018   Code   RO         8945    i.tos_at_global_lock_pend  tos_at.o
    0x08009c58   0x08009c58   0x00000018   Code   RO         8946    i.tos_at_global_lock_post  tos_at.o
    0x08009c70   0x08009c70   0x00000170   Code   RO         8947    i.tos_at_init       tos_at.o
    0x08009de0   0x08009de0   0x0000006c   Code   RO         8949    i.tos_at_raw_data_send_until  tos_at.o
    0x08009e4c   0x08009e4c   0x00000020   Code   RO         8951    i.tos_at_uart_input_byte  tos_at.o
    0x08009e6c   0x08009e6c   0x0000002a   Code   RO         8952    i.tos_at_uart_read  tos_at.o
    0x08009e96   0x08009e96   0x00000022   Code   RO         4935    i.tos_chr_fifo_create  tos_char_fifo.o
    0x08009eb8   0x08009eb8   0x00000026   Code   RO         4937    i.tos_chr_fifo_destroy  tos_char_fifo.o
    0x08009ede   0x08009ede   0x00000010   Code   RO         4942    i.tos_chr_fifo_pop  tos_char_fifo.o
    0x08009eee   0x08009eee   0x00000042   Code   RO         4943    i.tos_chr_fifo_pop_stream  tos_char_fifo.o
    0x08009f30   0x08009f30   0x00000016   Code   RO         4944    i.tos_chr_fifo_push  tos_char_fifo.o
    0x08009f46   0x08009f46   0x00000004   Code   RO         4563    i.tos_cpu_clz       tos_cpu.o
    0x08009f4a   0x08009f4a   0x00000004   Code   RO         4564    i.tos_cpu_cpsr_restore  tos_cpu.o
    0x08009f4e   0x08009f4e   0x00000004   Code   RO         4565    i.tos_cpu_cpsr_save  tos_cpu.o
    0x08009f52   0x08009f52   0x00000014   Code   RO         5146    i.tos_event_create  tos_event.o
    0x08009f66   0x08009f66   0x00000002   PAD
    0x08009f68   0x08009f68   0x000000d4   Code   RO         5148    i.tos_event_pend    tos_event.o
    0x0800a03c   0x0800a03c   0x00000006   Code   RO         5149    i.tos_event_post    tos_event.o
    0x0800a042   0x0800a042   0x00000024   Code   RO         9141    i.tos_hal_uart_deinit  tos_hal_uart.o
    0x0800a066   0x0800a066   0x00000002   PAD
    0x0800a068   0x0800a068   0x00000034   Code   RO         9142    i.tos_hal_uart_init  tos_hal_uart.o
    0x0800a09c   0x0800a09c   0x0000001c   Code   RO         9144    i.tos_hal_uart_write  tos_hal_uart.o
    0x0800a0b8   0x0800a0b8   0x00000030   Code   RO         6337    i.tos_knl_init      tos_sys.o
    0x0800a0e8   0x0800a0e8   0x00000020   Code   RO         6338    i.tos_knl_irq_enter  tos_sys.o
    0x0800a108   0x0800a108   0x0000005c   Code   RO         6339    i.tos_knl_irq_leave  tos_sys.o
    0x0800a164   0x0800a164   0x00000010   Code   RO         6340    i.tos_knl_is_running  tos_sys.o
    0x0800a174   0x0800a174   0x00000048   Code   RO         6341    i.tos_knl_sched_lock  tos_sys.o
    0x0800a1bc   0x0800a1bc   0x0000004c   Code   RO         6342    i.tos_knl_sched_unlock  tos_sys.o
    0x0800a208   0x0800a208   0x00000034   Code   RO         6343    i.tos_knl_start     tos_sys.o
    0x0800a23c   0x0800a23c   0x0000000e   Code   RO         6580    i.tos_list_empty    tos_tick.o
    0x0800a24a   0x0800a24a   0x00000012   Code   RO         6682    i.tos_millisec2tick  tos_time.o
    0x0800a25c   0x0800a25c   0x0000001e   Code   RO         5344    i.tos_mmheap_alloc  tos_mmheap.o
    0x0800a27a   0x0800a27a   0x00000038   Code   RO         5347    i.tos_mmheap_free   tos_mmheap.o
    0x0800a2b2   0x0800a2b2   0x00000002   PAD
    0x0800a2b4   0x0800a2b4   0x00000084   Code   RO         5348    i.tos_mmheap_pool_add  tos_mmheap.o
    0x0800a338   0x0800a338   0x00000032   Code   RO         5504    i.tos_mutex_create  tos_mutex.o
    0x0800a36a   0x0800a36a   0x00000044   Code   RO         5505    i.tos_mutex_destroy  tos_mutex.o
    0x0800a3ae   0x0800a3ae   0x0000000a   Code   RO         5506    i.tos_mutex_pend    tos_mutex.o
    0x0800a3b8   0x0800a3b8   0x000000d8   Code   RO         5507    i.tos_mutex_pend_timed  tos_mutex.o
    0x0800a490   0x0800a490   0x000000a2   Code   RO         5508    i.tos_mutex_post    tos_mutex.o
    0x0800a532   0x0800a532   0x00000022   Code   RO         5885    i.tos_ring_q_create  tos_ring_queue.o
    0x0800a554   0x0800a554   0x00000066   Code   RO         5887    i.tos_ring_q_dequeue  tos_ring_queue.o
    0x0800a5ba   0x0800a5ba   0x00000028   Code   RO         5888    i.tos_ring_q_destroy  tos_ring_queue.o
    0x0800a5e2   0x0800a5e2   0x00000066   Code   RO         5890    i.tos_ring_q_enqueue  tos_ring_queue.o
    0x0800a648   0x0800a648   0x00000020   Code   RO         5892    i.tos_ring_q_is_empty  tos_ring_queue.o
    0x0800a668   0x0800a668   0x00000024   Code   RO         5893    i.tos_ring_q_is_full  tos_ring_queue.o
    0x0800a68c   0x0800a68c   0x00000018   Code   RO         9521    i.tos_sal_module_init  sal_module_wrapper.o
    0x0800a6a4   0x0800a6a4   0x00000018   Code   RO         9527    i.tos_sal_module_register  sal_module_wrapper.o
    0x0800a6bc   0x0800a6bc   0x00000008   Code   RO         6202    i.tos_sem_create    tos_sem.o
    0x0800a6c4   0x0800a6c4   0x00000016   Code   RO         6203    i.tos_sem_create_max  tos_sem.o
    0x0800a6da   0x0800a6da   0x0000002e   Code   RO         6204    i.tos_sem_destroy   tos_sem.o
    0x0800a708   0x0800a708   0x00000088   Code   RO         6205    i.tos_sem_pend      tos_sem.o
    0x0800a790   0x0800a790   0x00000006   Code   RO         6206    i.tos_sem_post      tos_sem.o
    0x0800a796   0x0800a796   0x00000020   Code   RO         6260    i.tos_stopwatch_countdown  tos_stopwatch.o
    0x0800a7b6   0x0800a7b6   0x00000012   Code   RO         6262    i.tos_stopwatch_create  tos_stopwatch.o
    0x0800a7c8   0x0800a7c8   0x00000024   Code   RO         6263    i.tos_stopwatch_delay  tos_stopwatch.o
    0x0800a7ec   0x0800a7ec   0x0000001c   Code   RO         6266    i.tos_stopwatch_is_expired  tos_stopwatch.o
    0x0800a808   0x0800a808   0x0000002a   Code   RO         6267    i.tos_stopwatch_remain  tos_stopwatch.o
    0x0800a832   0x0800a832   0x00000002   PAD
    0x0800a834   0x0800a834   0x0000001c   Code   RO         6685    i.tos_systick_get   tos_time.o
    0x0800a850   0x0800a850   0x000000d8   Code   RO         6435    i.tos_task_create   tos_task.o
    0x0800a928   0x0800a928   0x00000060   Code   RO         6437    i.tos_task_delay    tos_task.o
    0x0800a988   0x0800a988   0x0000003c   Code   RO         6439    i.tos_task_destroy  tos_task.o
    0x0800a9c4   0x0800a9c4   0x000000b6   Code   RO         6441    i.tos_task_prio_change  tos_task.o
    0x0800aa7a   0x0800aa7a   0x00000002   PAD
    0x0800aa7c   0x0800aa7c   0x00000034   Code   RO         6445    i.tos_task_yield    tos_task.o
    0x0800aab0   0x0800aab0   0x0000002c   Code   RO         6581    i.tos_tick_handler  tos_tick.o
    0x0800aadc   0x0800aadc   0x000000cc   Code   RO         8760    i.tsample_task_entry  tsampletask.o
    0x0800aba8   0x0800aba8   0x00000168   Code   RO         8856    i.vsample_task_entry  vsampletask.o
    0x0800ad10   0x0800ad10   0x00000018   Data   RO         4089    .constdata          stm32g4xx_hal_uart.o
    0x0800ad28   0x0800ad28   0x00000010   Data   RO         4520    .constdata          system_stm32g4xx.o
    0x0800ad38   0x0800ad38   0x00000008   Data   RO         4521    .constdata          system_stm32g4xx.o
    0x0800ad40   0x0800ad40   0x00000004   Data   RO         5207    .constdata          tos_global.o
    0x0800ad44   0x0800ad44   0x00000004   Data   RO         5208    .constdata          tos_global.o
    0x0800ad48   0x0800ad48   0x00000004   Data   RO         7192    .constdata          bsp.o
    0x0800ad4c   0x0800ad4c   0x00000004   Data   RO         7193    .constdata          bsp.o
    0x0800ad50   0x0800ad50   0x00000004   Data   RO         7194    .constdata          bsp.o
    0x0800ad54   0x0800ad54   0x00000004   Data   RO         7195    .constdata          bsp.o
    0x0800ad58   0x0800ad58   0x00000004   Data   RO         7196    .constdata          bsp.o
    0x0800ad5c   0x0800ad5c   0x00000004   Data   RO         7197    .constdata          bsp.o
    0x0800ad60   0x0800ad60   0x00000004   Data   RO         7198    .constdata          bsp.o
    0x0800ad64   0x0800ad64   0x00000004   Data   RO         7199    .constdata          bsp.o
    0x0800ad68   0x0800ad68   0x00000004   Data   RO         7200    .constdata          bsp.o
    0x0800ad6c   0x0800ad6c   0x00000004   PAD
    0x0800ad70   0x0800ad70   0x00000060   Data   RO         7708    .constdata          lis2ds12_acc_driver.o
    0x0800add0   0x0800add0   0x0000000c   Data   RO         9742    .constdata          mc_w.l(mktime.o)
    0x0800addc   0x0800addc   0x0000000c   Data   RO        10072    .constdata          mc_w.l(localtime_i.o)
    0x0800ade8   0x0800ade8   0x00000040   Data   RO        10100    .constdata          mc_w.l(ctype_c.o)
    0x0800ae28   0x0800ae28   0x00000016   Data   RO         7302    .conststring        esp32.o
    0x0800ae3e   0x0800ae3e   0x00000002   PAD
    0x0800ae40   0x0800ae40   0x00000287   Data   RO         9483    .conststring        mqttpub.o
    0x0800b0c7   0x0800b0c7   0x00000001   PAD
    0x0800b0c8   0x0800b0c8   0x00000020   Data   RO        10102    Region$$Table       anon$$obj.o


    Execution Region RW_IRAM1 (Exec base: 0x20000000, Load base: 0x0800b0e8, Size: 0x00007f60, Max: 0x00008000, ABSOLUTE)

    Exec Addr    Load Addr    Size         Type   Attr      Idx    E Section Name        Object

    0x20000000   0x0800b0e8   0x0000000c   Data   RW         1255    .data               stm32g4xx_hal.o
    0x2000000c   0x0800b0f4   0x00000004   Data   RW         4522    .data               system_stm32g4xx.o
    0x20000010   0x0800b0f8   0x00000001   Data   RW         5209    .data               tos_global.o
    0x20000011   0x0800b0f9   0x00000001   Data   RW         5210    .data               tos_global.o
    0x20000012   0x0800b0fa   0x00000001   Data   RW         5211    .data               tos_global.o
    0x20000013   0x0800b0fb   0x00000005   PAD
    0x20000018   0x0800b100   0x00000008   Data   RW         5212    .data               tos_global.o
    0x20000020   0x0800b108   0x00000004   Data   RW         5213    .data               tos_global.o
    0x20000024   0x0800b10c   0x00000004   Data   RW         5214    .data               tos_global.o
    0x20000028   0x0800b110   0x00000008   Data   RW         5215    .data               tos_global.o
    0x20000030   0x0800b118   0x00000004   Data   RW         5216    .data               tos_global.o
    0x20000034   0x0800b11c   0x00000008   Data   RW         5217    .data               tos_global.o
    0x2000003c   0x0800b124   0x00000008   Data   RW         5218    .data               tos_global.o
    0x20000044   0x0800b12c   0x00000004   Data   RW         5219    .data               tos_global.o
    0x20000048   0x0800b130   0x00000010   Data   RW         5220    .data               tos_global.o
    0x20000058   0x0800b140   0x00000040   Data   RW         7303    .data               esp32.o
    0x20000098   0x0800b180   0x00000001   Data   RW         7443    .data               stts75_driver.o
    0x20000099   0x0800b181   0x00000001   Data   RW         7709    .data               lis2ds12_acc_driver.o
    0x2000009a   0x0800b182   0x00000001   Data   RW         8651    .data               task.o
    0x2000009b   0x0800b183   0x00000001   Data   RW         8652    .data               task.o
    0x2000009c   0x0800b184   0x00000003   Data   RW         9189    .data               itcallback.o
    0x2000009f   0x0800b187   0x00000001   PAD
    0x200000a0   0x0800b188   0x00000008   Data   RW         9423    .data               mqttsub.o
    0x200000a8   0x0800b190   0x00000004   Data   RW         9531    .data               sal_module_wrapper.o
    0x200000ac   0x0800b194   0x00000004   Data   RW         9759    .data               mc_w.l(strtok.o)
    0x200000b0   0x0800b198   0x00000004   Data   RW        10061    .data               mc_w.l(stdout.o)
    0x200000b4        -       0x0000001c   Zero   RW           17    .bss                main.o
    0x200000d0        -       0x0000006c   Zero   RW          388    .bss                adc.o
    0x2000013c        -       0x00000098   Zero   RW          431    .bss                i2c.o
    0x200001d4        -       0x00000028   Zero   RW          478    .bss                rtc.o
    0x200001fc        -       0x000000c8   Zero   RW          521    .bss                spi.o
    0x200002c4        -       0x00000118   Zero   RW          569    .bss                usart.o
    0x200003dc        -       0x00000058   Zero   RW         5202    .bss                tos_global.o
    0x20000434   0x0800b19c   0x00000004   PAD
    0x20000438        -       0x00000078   Zero   RW         5203    .bss                tos_global.o
    0x200004b0        -       0x00000050   Zero   RW         5204    .bss                tos_global.o
    0x20000500        -       0x00004000   Zero   RW         5205    .bss                tos_global.o
    0x20004500        -       0x00000c84   Zero   RW         5206    .bss                tos_global.o
    0x20005184        -       0x00000094   Zero   RW         7191    .bss                bsp.o
    0x20005218        -       0x00000078   Zero   RW         8648    .bss                task.o
    0x20005290        -       0x00000400   Zero   RW         8649    .bss                task.o
    0x20005690        -       0x0000000c   Zero   RW         8650    .bss                task.o
    0x2000569c   0x0800b19c   0x00000004   PAD
    0x200056a0        -       0x00000078   Zero   RW         8729    .bss                ledtask.o
    0x20005718        -       0x00000080   Zero   RW         8730    .bss                ledtask.o
    0x20005798        -       0x00000078   Zero   RW         8761    .bss                tsampletask.o
    0x20005810        -       0x00000200   Zero   RW         8762    .bss                tsampletask.o
    0x20005a10        -       0x00000078   Zero   RW         8793    .bss                mqttsubtask.o
    0x20005a88        -       0x00000400   Zero   RW         8794    .bss                mqttsubtask.o
    0x20005e88        -       0x00000078   Zero   RW         8825    .bss                nsampletask.o
    0x20005f00        -       0x00000200   Zero   RW         8826    .bss                nsampletask.o
    0x20006100        -       0x00000078   Zero   RW         8857    .bss                vsampletask.o
    0x20006178        -       0x00000200   Zero   RW         8858    .bss                vsampletask.o
    0x20006378        -       0x00000078   Zero   RW         8889    .bss                mqttpubtask.o
    0x200063f0        -       0x00000800   Zero   RW         8890    .bss                mqttpubtask.o
    0x20006bf0        -       0x00000b10   Zero   RW         8954    .bss                tos_at.o
    0x20007700        -       0x00000200   Zero   RW         9188    .bss                itcallback.o
    0x20007900        -       0x00000160   Zero   RW         9325    .bss                fs.o
    0x20007a60        -       0x00000064   Zero   RW         9422    .bss                mqttsub.o
    0x20007ac4        -       0x0000006c   Zero   RW         9482    .bss                mqttpub.o
    0x20007b30        -       0x0000002c   Zero   RW        10069    .bss                mc_w.l(localtime_w.o)
    0x20007b5c   0x0800b19c   0x00000004   PAD
    0x20007b60        -       0x00000400   Zero   RW            1    STACK               startup_stm32g431xx.o


==============================================================================

Image component sizes


      Code (inc. data)   RO Data    RW Data    ZI Data      Debug   Object Name

       248         14          0          0        108       1841   adc.o
       504        134          0          0          0       1906   ble.o
       238         22         36          0        148       8554   bsp.o
      1314        394         22         64          0      12975   esp32.o
        80          6          0          0        352       1641   fs.o
       160         10          0          0          0       1007   gpio.o
       428         40          0          0        152       2558   i2c.o
       230         76          0          3        512       3634   itcallback.o
        28          4          0          0        248       1151   ledtask.o
       750         20         96          1          0      27912   lis2ds12_acc_driver.o
       448        128          0          0         28     679393   main.o
      1840        230        647          0        108       5993   mqttpub.o
       236         82          0          0       2168       1395   mqttpubtask.o
      1412        434          0          8        100       7585   mqttsub.o
       200         82          0          0       1144       1379   mqttsubtask.o
       200         92          0          0        632       1347   nsampletask.o
      2066        710          0          0          0       5586   ntp.o
        76          0          0          0          0      31893   port_c.o
       224         10          0          0          0        380   port_s.o
       244         18          0          0         40       1763   rtc.o
        48         12          0          4          0       4188   sal_module_wrapper.o
       348         38          0          0        200       2450   spi.o
        36          8        472          0       1024        852   startup_stm32g431xx.o
       162         24          0         12          0       4437   stm32g4xx_hal.o
      2276         92          0          0          0      77322   stm32g4xx_hal_adc.o
       230          8          0          0          0      70688   stm32g4xx_hal_adc_ex.o
       232         14          0          0          0      34649   stm32g4xx_hal_cortex.o
       126          0          0          0          0       1842   stm32g4xx_hal_dma.o
       814         64          0          0          0       4043   stm32g4xx_hal_gpio.o
      3308         82          0          0          0      25738   stm32g4xx_hal_i2c.o
       168          0          0          0          0       1959   stm32g4xx_hal_i2c_ex.o
        48          6          0          0          0        894   stm32g4xx_hal_msp.o
       204         18          0          0          0       1437   stm32g4xx_hal_pwr_ex.o
      1692         88          0          0          0       6072   stm32g4xx_hal_rcc.o
       648         10          0          0          0       1908   stm32g4xx_hal_rcc_ex.o
      1422         82          0          0          0      10403   stm32g4xx_hal_rtc.o
         2          0          0          0          0       1000   stm32g4xx_hal_rtc_ex.o
       506          6          0          0          0       3556   stm32g4xx_hal_spi.o
      2720        118         24          0          0      33457   stm32g4xx_hal_uart.o
       320         18          0          0          0       5474   stm32g4xx_hal_uart_ex.o
       214         52          0          0          0       8960   stm32g4xx_it.o
       144         22          0          1          0       2883   stts75_driver.o
        28          6         24          4          0       1207   system_stm32g4xx.o
       800        406          0          2       1156       1723   task.o
      2080        180          0          0       2832      20463   tos_at.o
         0          0          0          0          0       2680   tos_binary_heap.o
       176          0          0          0          0       4170   tos_char_fifo.o
       198         14          0          0          0       5535   tos_cpu.o
       382          4          0          0          0       4477   tos_event.o
         0          0          8         67      19876       1489   tos_global.o
       116         10          0          0          0       2667   tos_hal_uart.o
      1060         34          0          0          0      17907   tos_mmheap.o
       616          6          0          0          0      12996   tos_mutex.o
       362          0          0          0          0      15720   tos_pend.o
       346          0          0          0          0       5688   tos_ring_queue.o
       112         10          0          0          0       1054   tos_robin.o
       420         50          0          0          0      13649   tos_sched.o
       304          4          0          0          0       4522   tos_sem.o
       156          0          0          0          0       3797   tos_stopwatch.o
       602        142          0          0          0       8541   tos_sys.o
       782         28          0          0          0      10847   tos_task.o
       474         24          0          0          0      10896   tos_tick.o
        46          4          0          0          0       1610   tos_time.o
       312         22          0          0          0       7108   tos_timer.o
       204         72          0          0        632       1443   tsampletask.o
       508         64          0          0        280       3184   usart.o
       360        100          0          0        632       1595   vsampletask.o
       408        220          0          0          0       2086   wifi.o

    ----------------------------------------------------------------------
     37522       4668       1368        172      32380    1271159   Object Totals
         0          0         32          0          0          0   (incl. Generated)
        76          0          7          6          8          0   (incl. Padding)

    ----------------------------------------------------------------------

      Code (inc. data)   RO Data    RW Data    ZI Data      Debug   Library Member Name

        56          8          0          0          0         84   __0sscanf.o
        28          0          0          0          0         68   _chval.o
       816          6          0          0          0        112   _scanf.o
       332          0          0          0          0         96   _scanf_int.o
       224          0          0          0          0         96   _scanf_str.o
        64          0          0          0          0         84   _sgetc.o
        40          6         64          0          0         68   ctype_c.o
         0          0          0          0          0          0   entry.o
         0          0          0          0          0          0   entry10a.o
         0          0          0          0          0          0   entry11a.o
         4          0          0          0          0          0   entry12b.o
         8          4          0          0          0          0   entry2.o
         4          0          0          0          0          0   entry5.o
         0          0          0          0          0          0   entry7b.o
         0          0          0          0          0          0   entry8b.o
         8          4          0          0          0          0   entry9a.o
        30          0          0          0          0          0   handlers.o
        36          8          0          0          0         68   init.o
        10          0          0          0          0         68   isspace_c.o
         0          0          0          0          0          0   iusefp.o
        98          0          0          0          0         84   ldiv.o
        30          0          0          0          0         68   llshl.o
        36          0          0          0          0         68   llsshr.o
        32          0          0          0          0         68   llushr.o
       140          6         12          0          0         76   localtime_i.o
        12          6          0          0         44         68   localtime_w.o
        36          0          0          0          0         68   memcpya.o
        36          0          0          0          0        108   memseta.o
       168         18         12          0          0         80   mktime.o
      2344        100          0          0          0        700   printfa.o
        40          8          0          0          0         84   scanf_char.o
         0          0          0          4          0          0   stdout.o
        28          0          0          0          0         76   strcmp.o
        14          0          0          0          0         68   strlen.o
        30          0          0          0          0         80   strncmp.o
        24          0          0          0          0         76   strncpy.o
        36          0          0          0          0         80   strstr.o
        68          6          0          4          0         80   strtok.o
        44          0          0          0          0         80   uidiv.o
        98          0          0          0          0         92   uldiv.o
        48          0          0          0          0         68   cdrcmple.o
        56          0          0          0          0         88   d2f.o
       334          0          0          0          0        148   dadd.o
       222          0          0          0          0        100   ddiv.o
       186          0          0          0          0        176   depilogue.o
        48          0          0          0          0         68   dfixul.o
        34          0          0          0          0         76   dflti.o
        26          0          0          0          0         76   dfltui.o
       228          0          0          0          0         96   dmul.o
        38          0          0          0          0         68   f2d.o
       110          0          0          0          0        168   fepilogue.o

    ----------------------------------------------------------------------
      6310        180         88          8         48       3980   Library Totals
         6          0          0          0          4          0   (incl. Padding)

    ----------------------------------------------------------------------

      Code (inc. data)   RO Data    RW Data    ZI Data      Debug   Library Name

      4974        180         88          8         44       2848   mc_w.l
      1330          0          0          0          0       1132   mf_w.l

    ----------------------------------------------------------------------
      6310        180         88          8         48       3980   Library Totals

    ----------------------------------------------------------------------

==============================================================================


      Code (inc. data)   RO Data    RW Data    ZI Data      Debug   

     43832       4848       1456        180      32428    1235807   Grand Totals
     43832       4848       1456        180      32428    1235807   ELF Image Totals
     43832       4848       1456        180          0          0   ROM Totals

==============================================================================

    Total RO  Size (Code + RO Data)                45288 (  44.23kB)
    Total RW  Size (RW Data + ZI Data)             32608 (  31.84kB)
    Total ROM Size (Code + RO Data + RW Data)      45468 (  44.40kB)

==============================================================================

